non-ops.c:610:13:super_to_phy	24	static
non-ops.c:94:12:aw_spinand_chip_write_reg	16	static
non-ops.c:133:12:aw_spinand_chip_set_otp	0	static
non-ops.c:145:12:aw_spinand_chip_set_driver_level	0	static
non-ops.c:120:12:aw_spinand_chip_set_block_lock	0	static
non-ops.c:18:12:aw_spinand_chip_wait	40	static
non-ops.c:82:12:aw_spinand_chip_read_reg	24	static
non-ops.c:106:12:aw_spinand_chip_read_status	0	static
non-ops.c:139:12:aw_spinand_chip_get_driver_level	0	static
non-ops.c:127:12:aw_spinand_chip_get_otp	0	static
non-ops.c:113:12:aw_spinand_chip_get_block_lock	0	static
non-ops.c:49:12:aw_spinand_chip_reset	16	static
non-ops.c:63:12:aw_spinand_chip_read_id	32	static
non-ops.c:285:12:aw_spinand_chip_write_single_page	32	static
non-ops.c:390:12:aw_spinand_chip_read_single_page	40	static
non-ops.c:498:12:aw_spinand_chip_isbad_single_block	96	static
non-ops.c:726:12:aw_spinand_chip_isbad_super_block	56	static
non-ops.c:224:12:aw_spinand_chip_erase_single_block	32	static
non-ops.c:562:12:aw_spinand_chip_copy_single_block	72	static
non-ops.c:778:12:aw_spinand_chip_erase_super_block	56	static
non-ops.c:517:12:aw_spinand_chip_markbad_single_block	88	static
non-ops.c:752:12:aw_spinand_chip_markbad_super_block	56	static
non-ops.c:169:5:addr_to_req	24	static
non-ops.c:660:6:aw_spinand_chip_super_init	0	static
non-ops.c:667:5:aw_spinand_chip_super_end	0	static
non-ops.c:675:6:aw_spinand_chip_super_next	32	static
non-ops.c:818:12:aw_spinand_chip_read_super_page	64	static
non-ops.c:804:12:aw_spinand_chip_write_super_page	56	static
non-ops.c:879:5:aw_spinand_chip_ops_init	0	static
