spic_op.c:374:13:spic0_set_sdm	0	static
spic_op.c:382:13:spic0_set_sdc	0	static
spic_op.c:719:13:spic0_set_sample_mode	48	static
spic_op.c:732:13:spic0_set_sample_delay	0	static
spic_op.c:69:12:spi0_change_clk.constprop	8	static
spic_op.c:179:12:spic0_set_clk	8	static
spic_op.c:972:12:spic0_rw.constprop	56	static
spic_op.c:231:5:spic0_init	16	static
spic_op.c:309:5:spic0_exit	16	static
spic_op.c:358:6:spic0_set_soft_ss	0	static
spic_op.c:366:6:spic0_set_ss	0	static
spic_op.c:406:6:spic0_config_io_mode	0	static
spic_op.c:417:6:spic0_samp_dl_sw_status	0	static
spic_op.c:429:6:spic0_samp_mode	0	static
spic_op.c:741:5:update_right_delay_para	176	static
spic_op.c:953:5:spic0_change_mode	8	static
spic_op.c:887:5:set_right_delay_para	56	static
spic_op.c:982:5:spi0_write	4	static
spic_op.c:990:5:spi0_write_then_read	12	static
