mmc.c:1953:12:mmc_set_ios	0	static
mmc.c:1327:12:mmc_set_capacity	32	static
mmc.c:89:12:board_mmc_getwp	0	static
mmc.c:94:5:mmc_getwp	8	static
mmc.c:110:12:board_mmc_getcd	0	static
mmc.c:185:13:mmc_mode_name	0	static
mmc.c:248:5:mmc_send_cmd	0	static
mmc.c:425:12:mmc_read_blocks	64	static
mmc.c:609:12:mmc_go_idle	40	static
mmc.c:2934:12:mmc_send_if_cond	40	static
mmc.c:772:12:mmc_send_op_cond_iter	40	static
mmc.c:793:12:mmc_send_op_cond	16	static
mmc.c:814:12:mmc_complete_op_cond	16	static
mmc.c:692:12:sd_send_op_cond.constprop	56	static
mmc.c:260:5:mmc_send_status	56	static
mmc.c:305:5:mmc_set_blocklen	48	static
mmc.c:337:5:mmc_send_manual_stop	48	static
mmc.c:861:5:mmc_send_ext_csd	64	static
mmc.c:885:5:mmc_decode_ext_csd	16	static
mmc.c:967:5:mmc_switch	48	static
mmc.c:2508:12:mmc_startup_v4	624	static
mmc.c:996:5:mmc_mmc_switch_to_ds	16	static
mmc.c:1021:5:mmc_mmc_switch_to_hs	16	static
mmc.c:1046:5:mmc_mmc_switch_to_hs200	16	static
mmc.c:1071:5:mmc_mmc_switch_to_hs400	16	static
mmc.c:1125:5:mmc_mmc_switch_speed_mode	8	static
mmc.c:1387:5:mmc_switch_part	24	static
mmc.c:1412:5:mmc_hwpart_config	640	static
mmc.c:1608:5:mmc_getcd	8	static
mmc.c:1964:5:mmc_set_clock	4	static
mmc.c:1980:5:mmc_set_bus_width	0	static
mmc.c:1148:5:mmc_mmc_switch_bus_width	24	static
mmc.c:1201:5:mmc_mmc_switch_bus_mode	24	static
mmc.c:2688:12:mmc_startup	440	static
mmc.c:3225:12:mmc_complete_init	8	static
mmc.c:1993:6:mmc_dump_capabilities	0	static
mmc.c:2959:13:board_mmc_power_init	0	static
mmc.c:3057:5:mmc_start_init	32	static
mmc.c:3242:6:mmc_update_config_for_dragonboard	160	static
mmc.c:3329:6:mmc_update_config_for_sdly	192	static
mmc.c:3635:5:mmc_init_product	24	static
mmc.c:3818:5:mmc_init	40	static
mmc.c:472:6:mmc_force_reinit	16	static
mmc.c:504:7:mmc_bread	40	static
mmc.c:3950:5:mmc_set_dsr	0	static
mmc.c:3957:12:cpu_mmc_init	0	static
mmc.c:3963:12:board_mmc_init	0	static
mmc.c:3968:6:mmc_set_preinit	0	static
mmc.c:4012:5:mmc_initialize	16	static
mmc.c:4043:5:mmc_exit	16	static
