sunxi_mmc_tuning.c:612:12:_get_best_sdly	216	static
sunxi_mmc_tuning.c:524:12:_get_best_sdly_tm5	216	static
sunxi_mmc_tuning.c:396:12:sunxi_tuning_method_0	48	static
sunxi_mmc_tuning.c:485:12:_skip_curr_freq.isra.0	8	static
sunxi_mmc_tuning.c:139:5:gen_pat_bus4_1bit	28	static
sunxi_mmc_tuning.c:170:5:gen_pat_bus8_1bit	28	static
sunxi_mmc_tuning.c:201:5:gen_tuning_blk_bus8	24	static
sunxi_mmc_tuning.c:253:5:gen_tuning_blk_bus4	24	static
sunxi_mmc_tuning.c:306:5:sunxi_mmc_tuning_init	16	static
sunxi_mmc_tuning.c:340:5:sunxi_mmc_tuning_exit	8	static
sunxi_mmc_tuning.c:354:14:sunxi_select_freq	16	static
sunxi_mmc_tuning.c:837:5:write_tuning_try_freq_tm5	24	static
sunxi_mmc_tuning.c:1156:5:sunxi_need_rty	16	static
sunxi_mmc_tuning.c:1174:5:write_tuning_try_freq	32	static
sunxi_mmc_tuning.c:1267:5:sunxi_write_tuning	16	static
sunxi_mmc_tuning.c:1332:5:sunxi_execute_tuning	112	static
sunxi_mmc_tuning.c:1423:5:sunxi_pack_tuning_result	48	static
sunxi_mmc_tuning.c:1514:5:sunxi_bus_tuning	16	static
sunxi_mmc_tuning.c:1590:5:sunxi_switch_to_best_bus	48	static
sunxi_mmc_tuning.c:1739:5:mmc_request_update_boot0	0	static
sunxi_mmc_tuning.c:1768:5:mmc_read_info	48	static
sunxi_mmc_tuning.c:1877:5:mmc_write_info	120	static
