sprite_card.c:260:12:__download_normal_part	64	static
sprite_card.c:66:10:sprite_card_firmware_start	0	static
sprite_card.c:86:5:sprite_card_firmware_probe	8	static
sprite_card.c:112:5:sprite_card_fetch_download_map	16	static
sprite_card.c:146:5:sprite_card_fetch_mbr	24	static
sprite_card.c:697:5:sunxi_sprite_deal_part	64	static
sprite_card.c:806:5:sunxi_sprite_deal_uboot	24	static
sprite_card.c:867:5:sunxi_sprite_deal_boot0	24	static
sprite_card.c:920:5:sunxi_sprite_deal_recorvery_boot	5242896	static
sprite_card.c:1014:5:card_verify_uboot	24	static
sprite_card.c:1097:5:card_download_uboot	16	static
sprite_card.c:1140:5:card_verify_boot0	24	static
sprite_card.c:1216:5:card_erase_boot0	24	static
sprite_card.c:1344:5:card_download_standard_mbr	528	static
sprite_card.c:1459:5:card_erase	64	static
sprite_card.c:1586:5:sunxi_card_fill_boot0_magic	33808	static
sprite_card.c:1642:5:sunxi_sprite_deal_part_from_sysrevoery	32	static
sprite_card.c:1705:5:__imagehd	0	static
sprite_card.c:1826:5:sunxi_sprite_deal_fullimg	48	static
