sdmmc.c:45:5:sunxi_flash_mmc_probe	0	static
sdmmc.c:144:13:sunxi_flash_mmc_size	0	static
sdmmc.c:150:5:sunxi_flash_mmc_phyread	8	static
sdmmc.c:157:5:sunxi_flash_mmc_phywrite	8	static
sdmmc.c:203:12:sunxi_sprite_mmc_exit	0	static
sdmmc.c:238:13:sunxi_sprite_mmc_size	0	static
sdmmc.c:244:5:sunxi_sprite_mmc_phyread	8	static
sdmmc.c:251:5:sunxi_sprite_mmc_phywrite	8	static
sdmmc.c:169:5:sunxi_flash_mmc_phyerase	16	static
sdmmc.c:258:5:sunxi_sprite_mmc_phyerase	16	static
sdmmc.c:280:5:sunxi_sprite_mmc_force_erase	32	static
sdmmc.c:81:12:sunxi_flash_mmc_download_spl	48	static
sdmmc.c:228:12:sunxi_sprite_mmc_erase	0	static
sdmmc.c:70:12:sunxi_flash_mmc_write	24	static
sdmmc.c:60:12:sunxi_flash_mmc_read	24	static
sdmmc.c:218:12:sunxi_sprite_mmc_write	24	static
sdmmc.c:208:12:sunxi_sprite_mmc_read	24	static
sdmmc.c:55:12:sunxi_flash_mmc_exit	0	static
sdmmc.c:125:1:sunxi_flash_mmc_download_toc	24	static
sdmmc.c:287:12:sunxi_sprite_mmc_download_spl	24	static
sdmmc.c:915:12:check_secure_storage_key	16	static
sdmmc.c:692:5:sunxi_flash_update_backup_boot0	1056	static
sdmmc.c:233:5:sunxi_sprite_mmc_flush	0	static
sdmmc.c:164:5:sunxi_flash_mmc_flush	0	static
sdmmc.c:307:12:sunxi_sprite_mmc_download_toc	24	static
sdmmc.c:269:5:sunxi_sprite_mmc_phywipe	16	static
sdmmc.c:333:5:sunxi_flash_mmc_secread	24	static
sdmmc.c:364:5:sunxi_flash_mmc_secread_backup	24	static
sdmmc.c:397:5:sunxi_flash_mmc_secwrite	32	static
sdmmc.c:443:5:sunxi_sprite_mmc_secread	24	static
sdmmc.c:474:5:sunxi_sprite_mmc_secread_backup	24	static
sdmmc.c:547:5:mmc_secure_storage_read	32	static
sdmmc.c:507:5:sunxi_sprite_mmc_secwrite	32	static
sdmmc.c:555:5:mmc_secure_storage_write	16	static
sdmmc.c:775:5:sdmmc_init_for_boot	16	static
sdmmc.c:50:12:sunxi_flash_mmc_init	0	static
sdmmc.c:803:5:sdmmc_init_for_sprite	16	static
sdmmc.c:185:5:sunxi_sprite_mmc_probe	0	static
sdmmc.c:198:12:sunxi_sprite_mmc_init	0	static
sdmmc.c:856:5:sdmmc_init_card0_for_sprite	8	static
sdmmc.c:892:5:card_read_boot0	16	static
