rawnand_base.c:131:5:write_nand_structure	144	static
rawnand_base.c:253:7:rawnand_get_lsb_block_size	16	static
rawnand_base.c:267:7:rawnand_get_lsb_pages	16	static
rawnand_base.c:281:7:rawnand_get_phy_block_size	0	static
rawnand_base.c:289:7:rawnand_used_lsb_pages	16	static
rawnand_base.c:307:5:rawnand_get_pageno	24	static
rawnand_base.c:323:7:rawnand_get_page_cnt_per_block	0	static
rawnand_base.c:328:7:rawnand_get_pae_size	0	static
rawnand_base.c:333:7:rawnand_get_twoplane_flag	0	static
rawnand_base.c:338:14:rawnand_get_support_v_interleave_flag	8	static
rawnand_base.c:348:14:rawnand_get_support_dual_channel	8	static
rawnand_base.c:358:5:nand_read_scan_data	0	static
rawnand_base.c:369:5:rawnand_physic_erase_block	48	static
rawnand_base.c:391:5:rawnand_physic_read_boot0_page	48	static
rawnand_base.c:418:5:rawnand_physic_read_page	56	static
rawnand_base.c:450:5:rawnand_physic_write_page	56	static
rawnand_base.c:478:5:rawnand_physic_bad_block_check	40	static
rawnand_base.c:503:5:rawnand_physic_bad_block_mark	40	static
rawnand_base.c:528:5:rawnand_physic_erase_super_block	40	static
rawnand_base.c:554:5:rawnand_physic_read_super_page	56	static
rawnand_base.c:581:5:rawnand_physic_write_super_page	56	static
rawnand_base.c:608:5:rawnand_physic_super_bad_block_check	48	static
rawnand_base.c:635:5:rawnand_physic_super_bad_block_mark	48	static
rawnand_base.c:662:5:nand_write_data_in_whole_block	144	static
rawnand_base.c:856:5:nand_get_dma_desc	8	static
rawnand_base.c:941:5:nand_free_dma_desc	8	static
rawnand_base.c:957:5:nand_init_temp_buf	16	static
rawnand_base.c:876:5:init_parameter	24	static
rawnand_base.c:995:5:nand_exit_temp_buf	16	static
rawnand_base.c:1020:5:nand_get_temp_buf	24	static
rawnand_base.c:1077:5:nand_free_temp_buf	16	static
rawnand_base.c:57:5:read_nand_structure	128	static
rawnand_base.c:792:5:get_nand_structure	32	static
rawnand_base.c:204:5:set_nand_structure	32	static
rawnand_base.c:716:5:nand_read_data_in_whole_block	144	static
rawnand_base.c:768:5:rawnand_physic_block_copy	120	static
rawnand_base.c:1117:6:rawnand_delete_storage_info	8	static
rawnand_base.c:1125:5:rawnand_storage_init	24	static
rawnand_base.c:1165:5:rawnand_special_init	8	static
rawnand_base.c:1184:5:rawnand_special_exit	8	static
rawnand_base.c:1206:6:nand_cfg_setting	8	static
rawnand_base.c:1227:5:nand_physic_init	0	static
rawnand_base.c:1287:5:nand_physic_exit	16	static
rawnand_base.c:1326:6:init_list_head	0	static
rawnand_base.c:1493:5:rawnand_hw_init	40	static
rawnand_base.c:1570:6:dump_factory_bad_blocks	80	static
rawnand_base.c:1583:6:rawnand_set_nand_info_data	8	static
rawnand_base.c:1639:20:RawNandHwInit	16	static
rawnand_base.c:1687:5:RawNandHwExit	8	static
rawnand_base.c:1707:5:RawNandHwSuperStandby	16	static
rawnand_base.c:1736:5:RawNandHwSuperResume	24	static
rawnand_base.c:1811:5:RawNandHwNormalStandby	8	static
rawnand_base.c:1825:5:RawNandHwNormalResume	8	static
rawnand_base.c:1838:5:RawNandHwShutDown	8	static
