rawnand_chip.c:58:5:nci_add_to_nsi	0	static
rawnand_chip.c:81:6:nci_delete_from_nsi	16	static
rawnand_chip.c:93:6:delete_nsi	0	static
rawnand_chip.c:106:5:nsci_add_to_nssi	8	static
rawnand_chip.c:130:5:nsci_delete_from_nssi	8	static
rawnand_chip.c:155:5:delete_nssi	8	static
rawnand_chip.c:179:5:nci_add_to_nctri	0	static
rawnand_chip.c:202:6:nci_delete_from_nctri	16	static
rawnand_chip.c:220:24:nci_get_from_nctri	0	static
rawnand_chip.c:238:24:nci_get_from_nsi	0	static
rawnand_chip.c:256:30:nsci_get_from_nssi	0	static
rawnand_chip.c:275:5:init_nci_from_id	16	static
rawnand_chip.c:378:5:init_nsci_from_nctri	24	static
rawnand_chip.c:510:6:nand_enable_chip	16	static
rawnand_chip.c:526:6:nand_disable_chip	8	static
rawnand_chip.c:542:5:nand_reset_chip	24	static
rawnand_chip.c:572:5:nand_sync_reset_chip	24	static
rawnand_chip.c:602:5:nand_first_reset_chip	24	static
rawnand_chip.c:644:5:nand_read_chip_status	24	static
rawnand_chip.c:683:5:nand_read_chip_status_ready	24	static
rawnand_chip.c:723:5:is_chip_rb_ready	0	static
rawnand_chip.c:738:5:nand_read_id	24	static
rawnand_chip.c:775:5:rawnand_read_parameter_page	24	static
rawnand_chip.c:820:5:nand_first_read_id	24	static
rawnand_chip.c:864:5:nand_get_feature	32	static
rawnand_chip.c:901:5:nand_set_read_retry_K9GCGD8U0F	24	static
rawnand_chip.c:939:5:nand_get_read_retry_K9GCGD8U0F	24	static
rawnand_chip.c:983:5:nand_set_feature	32	static
rawnand_chip.c:1027:14:get_row_addr	8	static
rawnand_chip.c:1056:14:get_row_addr_2	0	static
rawnand_chip.c:1081:5:fill_cmd_addr	16	static
rawnand_chip.c:1105:6:set_default_batch_read_cmd_seq	0	static
rawnand_chip.c:1130:6:set_default_batch_write_cmd_seq	8	static
rawnand_chip.c:1153:5:_cal_nand_onfi_timing_mode	8	static
rawnand_chip.c:1222:5:_change_nand_onfi_timing_mode	16	static
rawnand_chip.c:1275:5:_setup_ddr_nand_force_to_sdr_para	16	static
rawnand_chip.c:1317:5:_check_scan_data	112	static
rawnand_chip.c:1385:5:_change_all_nand_parameter	24	static
rawnand_chip.c:1502:5:_get_right_timing_para	128	static
rawnand_chip.c:1778:5:set_cmd_with_nand_bus	48	static
rawnand_chip.c:1855:5:get_data_with_nand_bus_one_cmd	32	static
rawnand_chip.c:1930:5:set_one_cmd	32	static
rawnand_chip.c:1948:5:set_one_addr	32	static
rawnand_chip.c:1966:5:switch_ddrtype_from_ddr_to_sdr	16	static
rawnand_chip.c:2003:5:get_dummy_byte	24	static
rawnand_chip.c:2024:5:get_random_cmd2	8	static
rawnand_chip.c:2036:5:get_data_block_cnt	0	static
rawnand_chip.c:2055:5:get_data_block_cnt_for_boot0_ecccode	24	static
rawnand_chip.c:2082:5:nand_reset_super_chip	0	static
rawnand_chip.c:2094:5:nand_read_super_chip_status	0	static
rawnand_chip.c:2106:5:is_super_chip_rb_ready	0	static
rawnand_chip.c:2118:5:nand_wait_all_rb_ready	16	static
rawnand_chip.c:2131:7:rawnand_get_chip_name	0	static
rawnand_chip.c:2137:6:rawnand_get_chip_id	0	static
rawnand_chip.c:2144:14:rawnand_get_chip_die_cnt	0	static
rawnand_chip.c:2150:5:rawnand_get_chip_page_size	8	static
rawnand_chip.c:2165:5:rawnand_get_chip_block_size	8	static
rawnand_chip.c:2184:5:rawnand_get_chip_die_size	8	static
rawnand_chip.c:2205:20:rawnand_get_chip_opt	0	static
rawnand_chip.c:2211:14:rawnand_get_chip_ddr_opt	0	static
rawnand_chip.c:2217:14:rawnand_get_chip_ecc_mode	0	static
rawnand_chip.c:2223:14:rawnand_get_chip_freq	0	static
rawnand_chip.c:2230:14:rawnand_get_chip_multi_plane_block_offset	0	static
rawnand_chip.c:2235:14:rawnand_get_chip_cnt	0	static
rawnand_chip.c:2241:14:rawnand_get_muti_program_flag	0	static
rawnand_chip.c:2248:14:rawnand_get_super_chip_cnt	8	static
rawnand_chip.c:2258:14:rawnand_get_super_chip_size	8	static
rawnand_chip.c:2267:14:rawnand_get_super_chip_block_size	8	static
rawnand_chip.c:2276:14:rawnand_get_super_chip_page_size	8	static
rawnand_chip.c:2285:14:rawnand_get_super_chip_page_offset_to_block	8	static
rawnand_chip.c:2294:14:rawnand_get_super_chip_spare_size	8	static
rawnand_chip.c:2360:5:rawnand_chips_init	72	static
rawnand_chip.c:2446:6:rawnand_chip_special_init	0	static
rawnand_chip.c:2495:6:rawnand_chip_special_exit	0	static
rawnand_chip.c:2554:5:rawnand_sp_chips_init	48	static
rawnand_chip.c:2669:6:rawnand_chips_cleanup	0	static
rawnand_chip.c:2681:5:rawnand_chips_super_standby	0	static
rawnand_chip.c:2693:5:rawnand_chips_super_resume	0	static
rawnand_chip.c:2705:5:rawnand_chips_normal_standby	0	static
rawnand_chip.c:2717:5:rawnand_chips_normal_resume	0	static
