rawnand_boot1.c:52:5:mark_phy_block_badtab_detect_by_erasechip	24	static
rawnand_boot1.c:72:5:phy_block_is_bad_detect_by_erasechip	24	static
rawnand_boot1.c:97:5:rawnand_write_uboot_one_in_block	144	static
rawnand_boot1.c:198:5:rawnand_write_uboot_one_in_many_block	160	static
rawnand_boot1.c:383:5:rawnand_read_uboot_one_in_block	144	static
rawnand_boot1.c:474:5:rawnand_read_uboot_one_in_many_block	144	static
rawnand_boot1.c:628:5:rawnand_read_uboot_one	24	static
rawnand_boot1.c:652:5:rawnand_get_param	8	static
rawnand_boot1.c:717:5:rawnand_get_param_for_uboottail	0	static
rawnand_boot1.c:747:7:RAWNAND_SetPhyArch_V3	0	static
rawnand_boot1.c:782:5:RAWNAND_UpdatePhyArch	16	static
rawnand_boot1.c:858:5:rawnand_is_blank	120	static
rawnand_boot1.c:912:5:nand_check_bad_block_before_first_erase	8	static
rawnand_boot1.c:937:5:rawnand_erase_chip	72	static
rawnand_boot1.c:998:6:rawnand_erase_special_block	128	static
rawnand_boot1.c:1065:5:rawnand_uboot_erase_all_chip	32	static
rawnand_boot1.c:1126:5:rawnand_dragonborad_test_one	128	static
rawnand_boot1.c:1198:5:change_uboot_start_block	8	static
rawnand_boot1.c:1227:5:rawnand_physic_info_get_one_copy	168	static
rawnand_boot1.c:1334:5:rawnand_add_len_to_uboot_tail	16	static
rawnand_boot1.c:355:5:rawnand_write_uboot_one	32	static
rawnand_boot1.c:1373:5:set_hynix_special_info	24	static
