rawnand_debug.c:50:6:show_nctri	128	static
rawnand_debug.c:110:6:show_nci	128	static
rawnand_debug.c:169:6:show_nsci	8	static
rawnand_debug.c:207:6:show_nsi	8	static
rawnand_debug.c:224:6:show_nssi	8	static
rawnand_debug.c:250:6:show_static_info	16	static
rawnand_debug.c:276:6:show_spare	104	static
rawnand_debug.c:348:6:nand_show_data	0	static
rawnand_debug.c:368:6:show_dict_page	96	static
rawnand_debug.c:417:6:show_logic_page_all_history	104	static
rawnand_debug.c:465:5:nand_super_page_test	104	static
rawnand_debug.c:521:5:nand_phy_page_test	112	static
rawnand_debug.c:576:5:nand_phy_block_test	136	static
rawnand_debug.c:663:5:nand_phy_block_erase_test	128	static
rawnand_debug.c:715:6:nand_phy_erase_all	24	static
rawnand_debug.c:741:6:nand_phy_check_all	40	static
rawnand_debug.c:776:5:nand_phy_read_block_test	112	static
rawnand_debug.c:814:5:nand_update_end	24	static
rawnand_debug.c:840:6:nand_special_test	0	static
