rawnand_boot0.c:139:5:_cal_sum	16	static
rawnand_boot0.c:160:7:check_sum	20	static
rawnand_boot0.c:201:5:_generate_page_map_tab	40	static
rawnand_boot0.c:320:5:_get_read_retry_table	8	static
rawnand_boot0.c:1155:5:hynix16nm_4G_write_boot0_one	184	static
rawnand_boot0.c:1351:5:hynix20nm_write_boot0_one	176	static
rawnand_boot0.c:1552:5:hynix26nm_write_boot0_one	176	static
rawnand_boot0.c:366:5:generic_write_boot0_one_pagetab_4k	184	static
rawnand_boot0.c:531:5:generic_write_boot0_one_1k_mode	136	static
rawnand_boot0.c:614:5:generic_write_boot0_one	16	static
rawnand_boot0.c:634:5:generic_read_boot0_page_cfg_mode	264	static
rawnand_boot0.c:791:5:generic_read_boot0_page	16	static
rawnand_boot0.c:809:5:generic_write_boot0_page_cfg_mode	136	static
rawnand_boot0.c:958:5:generic_write_boot0_page	16	static
rawnand_boot0.c:971:5:generic_read_boot0_one_pagetab_4k	144	static
rawnand_boot0.c:1048:5:generic_read_boot0_one_1k_mode	144	static
rawnand_boot0.c:1136:5:generic_read_boot0_one	16	static
rawnand_boot0.c:1761:5:rawnand_write_boot0_one	0	static
rawnand_boot0.c:1777:5:rawnand_read_boot0_one	0	static
rawnand_boot0.c:1798:6:selected_write_boot0_one	0	static
