nand_weak.c:14:36:spinand_nftl_get_super_page_size	0	static
nand_weak.c:18:36:spinand_nftl_get_super_block_size	0	static
nand_weak.c:22:36:spinand_nftl_get_single_page_size	0	static
nand_weak.c:26:36:spinand_nftl_get_single_block_size	0	static
nand_weak.c:30:36:spinand_nftl_get_chip_size	0	static
nand_weak.c:34:36:spinand_nftl_get_die_size	0	static
nand_weak.c:38:36:spinand_nftl_get_die_cnt	0	static
nand_weak.c:42:36:spinand_nftl_get_chip_cnt	0	static
nand_weak.c:46:36:spinand_nftl_get_max_erase_times	0	static
nand_weak.c:50:36:spinand_nftl_get_multi_plane_flag	0	static
nand_weak.c:54:36:spinand_nftl_get_operation_opt	0	static
nand_weak.c:58:28:spinand_nftl_get_chip_id	0	static
nand_weak.c:62:27:spinand_nftl_read_super_page	0	static
nand_weak.c:69:27:spinand_nftl_write_super_page	0	static
nand_weak.c:75:27:spinand_nftl_erase_super_block	0	static
nand_weak.c:80:27:spinand_nftl_super_badblock_check	0	static
nand_weak.c:85:27:spinand_nftl_super_badblock_mark	0	static
nand_weak.c:91:27:spinand_nftl_read_single_page	0	static
nand_weak.c:98:27:spinand_nftl_write_single_page	0	static
nand_weak.c:104:27:spinand_nftl_erase_single_block	0	static
nand_weak.c:110:27:spinand_nftl_single_block_copy	0	static
nand_weak.c:115:27:spinand_nftl_single_badblock_check	0	static
nand_weak.c:120:27:spinand_nftl_single_badblock_mark	0	static
nand_weak.c:126:42:spinand_hardware_init	0	static
nand_weak.c:131:27:spinand_hardware_exit	0	static
nand_weak.c:136:36:spinand_lsb_page_cnt_per_block	0	static
nand_weak.c:141:36:spinand_get_page_num	0	static
nand_weak.c:146:27:spinand_write_boot0_one	0	static
nand_weak.c:152:27:spinand_read_boot0_one	0	static
nand_weak.c:158:27:spinand_read_uboot_one	0	static
nand_weak.c:164:27:spinand_write_uboot_one	0	static
nand_weak.c:171:27:spinand_get_param	0	static
nand_weak.c:176:27:spinand_get_param_for_uboottail	0	static
nand_weak.c:181:27:SPINAND_UpdatePhyArch	0	static
nand_weak.c:186:27:spinand_erase_chip	0	static
nand_weak.c:193:28:spinand_erase_special_block	0	static
nand_weak.c:198:27:spinand_uboot_erase_all_chip	0	static
nand_weak.c:203:27:spinand_dragonborad_test_one	0	static
nand_weak.c:209:27:spinand_physic_info_get_one_copy	0	static
nand_weak.c:216:27:spinand_add_len_to_uboot_tail	0	static
nand_weak.c:221:42:RawNandHwInit	0	static
nand_weak.c:226:27:RawNandHwExit	0	static
nand_weak.c:231:27:RawNandHwSuperStandby	0	static
nand_weak.c:236:27:RawNandHwSuperResume	0	static
nand_weak.c:241:27:RawNandHwNormalStandby	0	static
nand_weak.c:246:27:RawNandHwNormalResume	0	static
nand_weak.c:251:27:RawNandHwShutDown	0	static
nand_weak.c:256:27:rawnand_physic_erase_block	0	static
nand_weak.c:261:27:rawnand_physic_read_page	0	static
nand_weak.c:266:27:rawnand_physic_write_page	0	static
nand_weak.c:271:27:rawnand_physic_bad_block_check	0	static
nand_weak.c:276:27:rawnand_physic_bad_block_mark	0	static
nand_weak.c:281:27:rawnand_physic_block_copy	0	static
nand_weak.c:286:27:rawnand_physic_read_super_page	0	static
nand_weak.c:291:27:rawnand_physic_write_super_page	0	static
nand_weak.c:296:27:rawnand_physic_erase_super_block	0	static
nand_weak.c:301:27:rawnand_physic_super_bad_block_check	0	static
nand_weak.c:306:27:rawnand_physic_super_bad_block_mark	0	static
nand_weak.c:311:29:rawnand_get_lsb_block_size	0	static
nand_weak.c:316:29:rawnand_get_lsb_pages	0	static
nand_weak.c:321:29:rawnand_get_phy_block_size	0	static
nand_weak.c:326:29:rawnand_used_lsb_pages	0	static
nand_weak.c:331:27:rawnand_get_pageno	0	static
nand_weak.c:336:29:rawnand_get_page_cnt_per_block	0	static
nand_weak.c:341:29:rawnand_get_pae_size	0	static
nand_weak.c:346:29:rawnand_get_twoplane_flag	0	static
nand_weak.c:351:27:rawnand_write_boot0_one	0	static
nand_weak.c:356:27:rawnand_read_boot0_one	0	static
nand_weak.c:361:27:rawnand_read_uboot_one	0	static
nand_weak.c:366:27:rawnand_write_uboot_one	0	static
nand_weak.c:371:27:rawnand_get_param	0	static
nand_weak.c:376:27:rawnand_get_param_for_uboottail	0	static
nand_weak.c:381:27:RAWNAND_UpdatePhyArch	0	static
nand_weak.c:386:27:rawnand_is_blank	0	static
nand_weak.c:391:27:rawnand_erase_chip	0	static
nand_weak.c:396:28:rawnand_erase_special_block	0	static
nand_weak.c:400:27:rawnand_uboot_erase_all_chip	0	static
nand_weak.c:405:27:rawnand_dragonborad_test_one	0	static
nand_weak.c:410:27:rawnand_physic_info_get_one_copy	0	static
nand_weak.c:415:27:rawnand_add_len_to_uboot_tail	0	static
nand_weak.c:420:27:nand_wait_all_rb_ready	0	static
nand_weak.c:425:28:do_nand_interrupt	0	static
nand_weak.c:430:27:nand_wait_rb_mode	0	static
nand_weak.c:435:27:nand_wait_dma_mode	0	static
