nand_physic_interface.c:843:12:nand_chips_init	0	static
nand_physic_interface.c:855:13:nand_chips_cleanup	0	static
nand_physic_interface.c:880:12:nand_chips_super_resume	0	static
nand_physic_interface.c:868:12:nand_chips_super_standby	0	static
nand_physic_interface.c:63:7:get_storage_type_from_init	0	static
nand_physic_interface.c:75:20:NandHwInit	8	static
nand_physic_interface.c:102:5:NandHwExit	8	static
nand_physic_interface.c:125:5:NandHwSuperStandby	8	static
nand_physic_interface.c:144:5:NandHwSuperResume	8	static
nand_physic_interface.c:164:5:NandHwNormalStandby	8	static
nand_physic_interface.c:183:5:NandHwNormalResume	8	static
nand_physic_interface.c:202:5:NandHwShutDown	8	static
nand_physic_interface.c:222:7:nand_get_channel_base_addr	8	static
nand_physic_interface.c:259:5:nand_physic_erase_block	16	static
nand_physic_interface.c:276:5:nand_physic_read_boot0_page	32	static
nand_physic_interface.c:291:5:nand_physic_read_page	32	static
nand_physic_interface.c:307:5:nand_physic_write_page	32	static
nand_physic_interface.c:323:5:nand_physic_bad_block_check	16	static
nand_physic_interface.c:339:5:nand_physic_bad_block_mark	16	static
nand_physic_interface.c:355:5:nand_physic_block_copy	24	static
nand_physic_interface.c:371:5:read_virtual_page	32	static
nand_physic_interface.c:387:5:write_virtual_page	32	static
nand_physic_interface.c:403:5:erase_virtual_block	16	static
nand_physic_interface.c:419:5:virtual_badblock_check	16	static
nand_physic_interface.c:435:5:virtual_badblock_mark	16	static
nand_physic_interface.c:444:7:nand_get_lsb_block_size	8	static
nand_physic_interface.c:453:7:nand_get_lsb_pages	8	static
nand_physic_interface.c:462:7:nand_get_phy_block_size	8	static
nand_physic_interface.c:471:7:nand_used_lsb_pages	8	static
nand_physic_interface.c:480:5:nand_get_pageno	8	static
nand_physic_interface.c:489:7:nand_get_page_cnt_per_block	8	static
nand_physic_interface.c:498:7:nand_get_pae_size	8	static
nand_physic_interface.c:507:7:nand_get_twoplane_flag	8	static
nand_physic_interface.c:516:14:nand_get_muti_program_flag	8	static
nand_physic_interface.c:529:14:nand_get_support_v_interleave_flag	8	static
nand_physic_interface.c:542:7:nand_get_chip_name	8	static
nand_physic_interface.c:556:6:nand_get_chip_id	16	static
nand_physic_interface.c:569:14:nand_get_chip_die_cnt	8	static
nand_physic_interface.c:583:5:nand_get_chip_page_size	8	static
nand_physic_interface.c:597:5:nand_get_chip_block_size	8	static
nand_physic_interface.c:611:5:nand_get_chip_die_size	8	static
nand_physic_interface.c:625:20:nand_get_chip_opt	8	static
nand_physic_interface.c:639:14:nand_get_chip_ddr_opt	8	static
nand_physic_interface.c:652:14:nand_get_chip_ecc_mode	8	static
nand_physic_interface.c:666:14:nand_get_chip_freq	8	static
nand_physic_interface.c:680:14:nand_get_chip_cnt	8	static
nand_physic_interface.c:694:14:nand_get_chip_multi_plane_block_offset	8	static
nand_physic_interface.c:708:14:nand_get_super_chip_cnt	8	static
nand_physic_interface.c:727:14:nand_get_super_chip_page_size	8	static
nand_physic_interface.c:242:5:NAND_GetLogicPageSize	8	static
nand_physic_interface.c:746:14:nand_get_super_chip_spare_size	8	static
nand_physic_interface.c:764:14:nand_get_super_chip_block_size	8	static
nand_physic_interface.c:783:14:nand_get_super_chip_pages_offset_to_block	8	static
nand_physic_interface.c:802:14:nand_get_support_dual_channel	8	static
nand_physic_interface.c:821:14:nand_get_super_chip_size	8	static
