nand_secure_storage.c:1435:5:nand_secure_storage_repair.part.2	32	static
nand_secure_storage.c:60:14:nand_get_secure_block_start	16	static
nand_secure_storage.c:111:5:nand_is_support_secure_storage	0	static
nand_secure_storage.c:178:5:nand_secure_storage_clean_data	8	static
nand_secure_storage.c:194:5:nand_secure_storage_clean	8	static
nand_secure_storage.c:207:5:is_nand_secure_storage_build	0	static
nand_secure_storage.c:224:5:is_nand_secure_storage_block	88	static
nand_secure_storage.c:252:5:nand_secure_check_is_need_backfill	104	static
nand_secure_storage.c:303:5:nand_secure_check_and_correct_blockAB_number	16	static
nand_secure_storage.c:486:5:get_nand_secure_storage_max_item	8	static
nand_secure_storage.c:503:14:nand_secure_check_sum	0	static
nand_secure_storage.c:525:5:nand_secure_storage_read_one	104	static
nand_secure_storage.c:125:5:nand_secure_storage_write_init	112	static
nand_secure_storage.c:409:5:nand_secure_storage_first_build	32	static
nand_secure_storage.c:575:5:nand_secure_storage_read	48	static
nand_secure_storage.c:746:5:nand_secure_storage_read_one_pre	48	static
nand_secure_storage.c:792:5:nand_secure_storage_fast_write	56	static
nand_secure_storage.c:917:5:nand_secure_storage_flush	40	static
nand_secure_storage.c:1337:5:nand_secure_storage_backfill	24	static
nand_secure_storage.c:1370:5:nand_secure_storage_check	32	static
nand_secure_storage.c:1435:5:nand_secure_storage_repair	0	static
nand_secure_storage.c:1468:5:nand_secure_storage_update	16	static
nand_secure_storage.c:325:5:nand_secure_storage_init	32	static
nand_secure_storage.c:651:5:nand_secure_storage_write	128	static
nand_secure_storage.c:1504:5:nand_secure_storage_test	24	static
nand_secure_storage.c:1550:5:nand_secure_storage_test_read	24	static
