nand_boot.c:63:5:nand_write_boot0_one	16	static
nand_boot.c:82:5:nand_read_boot0_one	16	static
nand_boot.c:101:5:nand_write_nboot_data	24	static
nand_boot.c:123:5:nand_read_nboot_data	24	static
nand_boot.c:151:5:check_nboot_table	0	static
nand_boot.c:163:5:nand_check_nboot	40	static
nand_boot.c:219:6:dump_physic_info	8	static
nand_boot.c:278:5:nand_read_uboot_one	16	static
nand_boot.c:299:5:nand_read_uboot_data	24	static
nand_boot.c:444:5:nand_get_nboot_total_len	0	static
nand_boot.c:458:5:nand_get_param	8	static
nand_boot.c:477:5:nand_get_param_for_uboottail	8	static
nand_boot.c:496:5:NAND_UpdatePhyArch	8	static
nand_boot.c:515:5:nand_erase_chip	24	static
nand_boot.c:534:6:nand_erase_special_block	8	static
nand_boot.c:549:5:nand_uboot_erase_all_chip	8	static
nand_boot.c:567:5:nand_dragonborad_test_one	16	static
nand_boot.c:586:5:get_default_uboot_block	16	static
nand_boot.c:634:5:set_uboot_start_and_end_block	16	static
nand_boot.c:655:5:get_uboot_start_block	16	static
nand_boot.c:672:5:get_uboot_next_block	16	static
nand_boot.c:689:5:get_physic_block_reserved	0	static
nand_boot.c:708:6:print_uboot_info	0	static
nand_boot.c:821:5:init_phyinfo_buf	8	static
nand_boot.c:838:5:get_uboot_offset	0	static
nand_boot.c:852:5:is_uboot_magic	0	static
nand_boot.c:870:5:check_magic_physic_info	8	static
nand_boot.c:897:5:check_sum_physic_info	20	static
nand_boot.c:939:14:cal_sum_physic_info	16	static
nand_boot.c:227:5:nand_write_uboot_one	24	static
nand_boot.c:256:5:nand_write_uboot_data	40	static
nand_boot.c:325:5:nand_check_uboot	280	static
nand_boot.c:972:5:physic_info_get_offset	104	static
nand_boot.c:1043:5:physic_info_get_one_copy	24	static
nand_boot.c:1062:5:clean_physic_info	0	static
nand_boot.c:1171:5:is_phyinfo_empty	8	static
nand_boot.c:1193:5:add_len_to_uboot_tail	8	static
nand_boot.c:1212:5:print_physic_info	0	static
nand_boot.c:1232:5:physic_info_add_to_uboot_tail	16	static
nand_boot.c:1266:14:is_uboot_block	88	static
nand_boot.c:734:5:uboot_info_init	48	static
nand_boot.c:423:5:nand_get_uboot_total_len	8	static
nand_boot.c:1083:5:nand_physic_info_read	40	static
