clk-sun8iw21.c:581:5:dcxo_out_priv_enable	0	static
clk-sun8iw21.c:594:6:dcxo_out_priv_disable	0	static
clk-sun8iw21.c:605:5:dcxo_out_priv_is_enabled	0	static
clk-sun8iw21.c:620:6:set_dcxo_out_priv_ops	0	static
clk-sun8iw21.c:271:22:calc_rate_audio	32	static
clk-sun8iw21.c:244:22:calc_rate_pll	32	static
clk-sun8iw21.c:225:12:get_factors_pll_npux4	24	static
clk-sun8iw21.c:167:12:get_factors_pll_csix4	24	static
clk-sun8iw21.c:148:12:get_factors_pll_video0x4	24	static
clk-sun8iw21.c:130:12:get_factors_pll_periph0480m	24	static
clk-sun8iw21.c:111:12:get_factors_pll_periph0800m	24	static
clk-sun8iw21.c:92:12:get_factors_pll_periph0x2	24	static
clk-sun8iw21.c:73:12:get_factors_pll_ddr0	24	static
clk-sun8iw21.c:55:12:get_factors_pll_cpu	24	static
clk-sun8iw21.c:186:12:get_factors_pll_audio_div2	0	static
clk-sun8iw21.c:206:12:get_factors_pll_audio_div5	0	static
clk-sun8iw21_tbl.c:1617:6:sunxi_clk_factor_initlimits	0	static
clk-sun8iw21.c:628:6:sunxi_set_clk_priv_ops	24	static
clk-sun8iw21.c:644:26:sunxi_clk_get_factor_by_name	24	static
clk-sun8iw21.c:660:26:sunxi_clk_get_periph_rtc_by_name	0	static
clk-sun8iw21.c:667:26:sunxi_clk_get_periph_by_name	24	static
clk-sun8iw21.c:685:26:sunxi_clk_get_periph_cpus_by_name	24	static
clk-sun8iw21.c:699:26:sunxi_cpus_clk_get_periph_by_name	0	static
clk-sun8iw21.c:714:6:init_clocks	128	static
