jd9161z_mipi.c:293:12:lcd_user_defined_func	0	static
jd9161z_mipi.c:166:12:lcd_close_flow	8	static
jd9161z_mipi.c:176:13:lcd_power_on	8	static
jd9161z_mipi.c:192:13:lcd_power_off	8	static
jd9161z_mipi.c:284:13:lcd_panel_exit	8	static
jd9161z_mipi.c:208:13:lcd_bl_close	8	static
jd9161z_mipi.c:156:12:lcd_open_flow	8	static
jd9161z_mipi.c:202:13:lcd_bl_open	8	static
jd9161z_mipi.c:263:13:lcd_panel_init	8	static
jd9161z_mipi.c:127:13:lcd_panel_try_switch	48	static
jd9161z_mipi.c:80:13:lcd_cfg_panel_info	176	static
