board.c:53:28:sunxi_set_sramc_mode	0	static
board.c:58:28:clock_set_corepll	0	static
board.c:63:29:rtc_set_vccio_det_spare	0	static
board.c:68:28:rtc_set_dcxo_off	0	static
board.c:83:6:i2c_init_board	16	static
board.c:151:6:enable_smp	0	static
board.c:164:6:smp_init	0	static
board.c:186:5:sunxi_plat_init	8	static
board.c:204:5:board_init	40	static
board.c:268:5:dram_init	8	static
board.c:329:6:board_mmc_pre_init	0	static
board.c:339:5:board_mmc_get_num	0	static
board.c:345:6:board_mmc_set_num	0	static
board.c:351:5:board_mmc_init	8	static
board.c:434:5:misc_init_r	0	static
board.c:452:5:ft_board_setup	0	static
board.c:503:5:reserve_arch	8	static
