board_common.c:65:28:sunxi_platform_power_off	0	static
board_common.c:70:6:set_boot_work_mode	0	static
board_common.c:75:5:get_boot_work_mode	0	static
board_common.c:80:6:set_boot_debug_mode	0	static
board_common.c:85:5:get_boot_debug_mode	0	static
board_common.c:90:5:get_boot_storage_type_ext	0	static
board_common.c:96:5:get_boot_storage_type	0	static
board_common.c:107:6:set_boot_storage_type	0	static
board_common.c:119:5:board_eth_init	0	static
board_common.c:140:5:sunxi_probe_secure_monitor	0	static
board_common.c:148:5:sunxi_probe_secure_os	0	static
board_common.c:153:5:sunxi_get_secureboard	0	static
board_common.c:178:5:sunxi_probe_securemode	24	static
board_common.c:314:5:sunxi_set_secure_mode	80	static
board_common.c:364:5:sunxi_get_securemode	0	static
board_common.c:369:5:sunxi_get_uboot_shell	0	static
board_common.c:374:5:sunxi_set_uboot_shell	0	static
board_common.c:380:5:sunxi_set_force_32bit_os	0	static
board_common.c:386:5:sunxi_get_force_32bit_os	0	static
board_common.c:391:6:reset_boot_dram_update_flag	0	static
board_common.c:400:6:set_boot_dram_update_flag	0	static
board_common.c:411:5:get_boot_dram_update_flag	0	static
board_common.c:441:5:sunxi_parsed_specific_string	20	static
board_common.c:463:5:initr_sunxi_display	0	static
board_common.c:497:5:sunxi_boot_init_gpio	64	static
board_common.c:537:5:board_early_init_r	8	static
board_common.c:600:6:board_bootlogo_display	8	static
board_common.c:632:5:board_env_late_init	8	static
board_common.c:705:5:board_late_init	8	static
board_common.c:806:6:sunxi_generate_checksum	20	static
board_common.c:831:5:sunxi_verify_checksum	8	static
board_common.c:851:6:board_quiesce_devices	8	static
board_common.c:861:6:sunxi_board_close_source	8	static
board_common.c:868:5:sunxi_board_restart	8	static
board_common.c:842:6:reset_misc	0	static
board_common.c:877:5:sunxi_board_shutdown	8	static
board_common.c:895:5:sunxi_board_run_fel	8	static
board_common.c:904:6:sunxi_update_subsequent_processing	8	static
board_common.c:940:5:sunxi_boot_image_get_embbed_cert_len	8	static
board_common.c:950:7:sunxi_prepare_bpk_bootlogo	8	static
board_common.c:567:6:sunxi_early_logo_display	8	static
