sys_config.c:124:16:PIO_REG_CFG	0	static
sys_config.c:136:16:PIO_REG_PULL	0	static
sys_config.c:148:16:PIO_REG_DLEVEL	0	static
sys_config.c:160:16:PIO_REG_DATA	0	static
sys_config.c:172:5:PIO_REG_CFG_VALUE	0	static
sys_config.c:186:5:PIO_REG_DLEVEL_VALUE	0	static
sys_config.c:200:5:PIO_REG_PULL_VALUE	0	static
sys_config.c:214:5:PIO_REG_DATA_VALUE	0	static
sys_config.c:276:8:gpio_get_all_pin_status	64	static
sys_config.c:398:8:gpio_get_one_pin_status	32	static
sys_config.c:470:8:gpio_set_one_pin_status	40	static
sys_config.c:575:8:gpio_set_one_pin_io_status	24	static
sys_config.c:635:8:gpio_set_one_pin_pull	24	static
sys_config.c:694:8:gpio_set_one_pin_driver_level	24	static
sys_config.c:754:8:gpio_read_one_pin_value	24	static
sys_config.c:812:8:gpio_write_one_pin_value	24	static
sys_config.c:879:5:gpio_request_early	72	static
sys_config.c:1077:7:sunxi_gpio_request	96	static
sys_config.c:1281:7:gpio_release	8	static
sys_config.c:1330:5:fdt_get_all_pin	2672	static
sys_config.c:1545:5:fdt_get_pin_num	88	static
sys_config.c:1604:5:fdt_set_all_pin	1808	static
sys_config.c:1642:5:fdt_set_all_pin_by_offset	1808	static
sys_config.c:1685:5:fdt_set_pin_byname	24	static
sys_config.c:1717:5:fdt_get_one_gpio_by_offset	56	static
sys_config.c:1758:5:fdt_get_one_gpio	64	static
sys_config.c:1806:5:fdt_set_one_gpio	64	static
sys_config.c:1817:5:fdt_set_normal_gpio	16	static
sys_config.c:1822:5:script_parser_fetch	24	static
sys_config.c:1852:13:fdt_get_regulator_name	56	static
