log.h:360:19:log_init	0	static
board_f.c:125:12:display_text_info	0	static
board_f.c:221:12:setup_mon_len	0	static
board_f.c:246:12:arch_cpu_init	0	static
board_f.c:329:12:reserve_round_4k	0	static
board_f.c:336:12:reserve_mmu	0	static
board_f.c:406:12:reserve_uboot	0	static
board_f.c:428:12:reserve_malloc	0	static
board_f.c:457:12:reserve_global_data	0	static
board_f.c:180:12:dram_init_banksize	8	static
board_f.c:633:12:reloc_fdt	8	static
board_f.c:665:12:setup_reloc	8	static
board_f.c:146:12:announce_dram_init	8	static
board_f.c:494:12:reserve_fdt	8	static
board_f.c:437:12:reserve_board	8	static
board_f.c:191:12:init_func_i2c	8	static
board_f.c:119:12:init_baud_rate	8	static
board_f.c:736:12:initf_bootstage	8	static
board_f.c:796:12:arch_cpu_init_dm	0	static
board_f.c:251:12:mach_cpu_init	0	static
board_f.c:363:12:reserve_video	0	static
board_f.c:394:12:reserve_trace	0	static
board_f.c:449:12:setup_machine	0	static
board_f.c:527:12:reserve_bootstage	0	static
board_f.c:559:12:display_new_sp	0	static
board_f.c:647:12:reloc_bootstage	0	static
board_f.c:761:12:initf_console_record	0	static
board_f.c:770:12:initf_dm	0	static
board_f.c:791:12:reserve_arch	0	static
board_f.c:69:13:coloured_LED_init	0	static
board_f.c:70:13:red_led_on	0	static
board_f.c:71:13:red_led_off	0	static
board_f.c:72:13:green_led_on	0	static
board_f.c:73:13:green_led_off	0	static
board_f.c:74:13:yellow_led_on	0	static
board_f.c:75:13:yellow_led_off	0	static
board_f.c:76:13:blue_led_on	0	static
board_f.c:77:13:blue_led_off	0	static
board_f.c:114:13:board_add_ram_info	0	static
board_f.c:152:12:show_dram_config	8	static
board_f.c:257:14:board_get_usable_ram_top	0	static
board_f.c:274:12:setup_dest_addr	8	static
board_f.c:541:12:arch_reserve_stacks	0	static
board_f.c:546:12:reserve_stacks	0	static
board_f.c:947:6:board_init_f	8	static
