log.h:360:19:log_init	0	static
board_r.c:108:12:initr_trace	0	static
board_r.c:194:12:initr_reloc_global_data	0	static
board_r.c:853:12:run_main_loop	8	static
board_r.c:625:12:sunxi_burn_key	8	static
board_r.c:665:12:initr_env	8	static
board_r.c:511:12:initr_sunxi_plat	8	static
board_r.c:710:12:initr_enable_interrupts	8	static
board_r.c:693:12:initr_jumptable	8	static
board_r.c:245:12:initr_serial	8	static
board_r.c:384:12:initr_bootstage	8	static
board_r.c:311:12:initr_malloc	8	static
board_r.c:162:12:initr_reloc	8	static
bootstage.h:367:19:bootstage_relocate	0	static
board_r.c:302:12:initr_barrier	0	static
board_r.c:326:12:initr_console_record	0	static
board_r.c:391:12:power_init_board	0	static
board_r.c:396:12:initr_announce	0	static
board_r.c:499:12:initr_mmc	0	static
board_r.c:80:12:board_flash_wp_on	0	static
board_r.c:90:13:cpu_secondary_init_r	0	static
board_r.c:94:12:initr_secondary_cpu	8	static
board_r.c:173:13:smp_init	0	static
board_r.c:180:12:initr_caches	8	static
board_r.c:189:12:fixup_cpu	0	static
board_r.c:1082:6:board_init_r	8	static
