console.c:198:12:console_tstc	32	static
console.c:220:13:console_putc	24	static
console.c:244:13:console_puts	24	static
console.c:27:12:on_console	24	static
console.c:295:5:serial_printf	1040	static
console.c:630:6:puts	0	static
console.c:545:6:putc	0	static
console.c:188:12:console_getc.isra.0	8	static
console.c:414:5:getc	8	static
console.c:442:5:tstc	0	static
console.c:313:5:fgetc	16	static
console.c:345:5:ftstc	0	static
console.c:353:6:fputc	0	static
console.c:359:6:fputs	0	static
console.c:393:5:fprintf	1044	static
console.c:590:6:uputs	0	static
console.c:367:5:uprintf	2068	static
console.c:700:5:ctrlc	8	static
console.c:721:5:confirm_yesno	16	static
console.c:748:5:disable_ctrlc	0	static
console.c:756:5:had_ctrlc	0	static
console.c:761:6:clear_ctrlc	0	static
console.c:768:19:search_device	8	static
console.c:784:5:console_assign	16	static
console.c:822:5:console_announce_r	224	static
console.c:836:5:console_init_f	16	static
console.c:857:6:stdio_print_current_devices	0	static
console.c:884:5:console_init_r	32	static
