dlmalloc.c:587:7:sbrk	16	static
dlmalloc.c:607:6:mem_malloc_init	0	static
dlmalloc.c:2163:5:malloc_trim	16	static
dlmalloc.c:1515:6:free	16	static
dlmalloc.c:1243:9:malloc	40	static
dlmalloc.c:2061:9:calloc	16	static
dlmalloc.c:1653:9:realloc	32	static
dlmalloc.c:1883:9:memalign	32	static
dlmalloc.c:2030:9:valloc	0	static
dlmalloc.c:2045:9:pvalloc	0	static
dlmalloc.c:2128:6:cfree	0	static
dlmalloc.c:2232:8:malloc_usable_size	0	static
dlmalloc.c:2361:5:mallopt	0	static
dlmalloc.c:2386:5:initf_malloc	0	static
dlmalloc.c:2397:7:malloc_align	8	static
dlmalloc.c:2432:6:free_align	0	static
