image-android.c:24:5:android_image_get_vendor_get_end	16	static
image-android.c:39:29:get_vendor_hdr_addr	16	static
image-android.c:128:14:android_image_get_kernel_addr	8	static
image-android.c:172:5:android_image_get_kernel	40	static
image-android.c:277:5:android_image_check_header	0	static
image-android.c:282:7:android_image_get_end	16	static
image-android.c:312:7:android_image_get_kload	0	static
image-android.c:317:5:android_image_get_ramdisk	32	static
image-android.c:351:5:android_image_get_vendor_ramdisk	16	static
image-android.c:370:5:android_image_get_second	24	static
image-android.c:389:5:android_image_get_recovery_dtbo	24	static
image-android.c:409:5:android_image_get_dtb	24	static
image-android.c:458:6:android_print_contents	32	static
