bmu_axp2101.c:59:5:bmu_axp2101_get_battery_probe	16	static
bmu_axp2101.c:123:5:bmu_axp2101_get_axp_bus_exist	16	static
bmu_axp2101.c:136:5:bmu_axp2101_get_battery_vol	24	static
bmu_axp2101.c:171:5:bmu_axp2101_get_battery_capacity	16	static
bmu_axp2101.c:274:15:bmu_axp2101_get_reg_value	16	static
bmu_axp2101.c:35:5:bmu_axp2101_set_power_off	16	static
bmu_axp2101.c:103:5:bmu_axp2101_set_coulombmeter_onoff	16	static
bmu_axp2101.c:249:5:bmu_axp2101_set_charge_current_limit	16	static
bmu_axp2101.c:183:5:bmu_axp2101_set_vbus_current_limit	16	static
bmu_axp2101.c:219:5:bmu_axp2101_get_vbus_current_limit	16	static
bmu_axp2101.c:295:5:bmu_axp2101_reset_capacity	8	static
bmu_axp2101.c:82:5:bmu_axp2101_get_poweron_source	16	static
bmu_axp2101.c:283:15:bmu_axp2101_set_reg_value	16	static
bmu_axp2101.c:15:12:bmu_axp2101_probe	16	static
bmu_axp2101.c:304:5:bmu_axp2101_set_ntc_cur	16	static
bmu_axp2101.c:328:5:bmu_axp2101_set_ntc_onff	24	static
bmu_axp2101.c:369:5:axp_vts_to_temp	8	static
bmu_axp2101.c:425:5:bmu_axp2101_get_ntc_temp	16	static
