sunxi_spi.c:217:13:spi_set_sample_mode	56	static
sunxi_spi.c:1029:13:sunxi_dma_isr	0	static
sunxi_spi.c:230:13:spi_set_sample_delay	0	static
sunxi_spi.c:672:12:sunxi_spi_clk_init.constprop	8	static
sunxi_spi.c:468:13:spi_set_bc_tc_stc.constprop	8	static
sunxi_spi.c:750:12:sunxi_get_spic_clk.constprop	8	static
sunxi_spi.c:241:13:spi_config_tc.isra.0	16	static
sunxi_spi.c:809:12:sunxi_spi_cpu_writel.isra.2	8	static
sunxi_spi.c:68:25:get_sspi	0	static
sunxi_spi.c:548:6:spi_samp_dl_sw_status	0	static
sunxi_spi.c:1034:5:spi_dma_init	40	static
sunxi_spi.c:1054:5:spi_init	0	static
sunxi_spi.c:1064:6:spi_init_clk	24	static
sunxi_spi.c:1093:5:spi_cs_is_valid	0	static
sunxi_spi.c:1101:19:spi_setup_slave	32	static
sunxi_spi.c:1152:6:spi_free_slave	8	static
sunxi_spi.c:1165:5:spi_claim_bus	16	static
sunxi_spi.c:1202:6:spi_release_bus	0	static
sunxi_spi.c:1212:6:sunxi_update_right_delay_para	184	static
sunxi_spi.c:1344:6:boot_try_delay_param	88	static
sunxi_spi.c:1437:5:sunxi_set_right_delay_para	56	static
sunxi_spi.c:1486:5:spi_xfer	32	static
