nand_uboot_fun.c:82:25:get_nand_parts	0	static
nand_uboot_fun.c:88:29:NAND_GetBootFlag	0	static
nand_uboot_fun.c:93:5:__NAND_UpdatePhyArch	8	static
nand_uboot_fun.c:102:5:msg	8	static
nand_uboot_fun.c:108:6:nand_get_ubootstat	8	static
nand_uboot_fun.c:116:5:NAND_PhyInit	8	static
nand_uboot_fun.c:135:5:NAND_PhyExit	8	static
nand_uboot_fun.c:143:5:NAND_LogicWrite	0	static
nand_uboot_fun.c:148:5:NAND_LogicRead	0	static
nand_uboot_fun.c:153:5:NAND_LogicRead_History	0	static
nand_uboot_fun.c:160:5:NAND_LogicInit	32	static
nand_uboot_fun.c:233:5:NAND_LogicExit	8	static
nand_uboot_fun.c:258:5:NAND_build_all_partition	24	static
nand_uboot_fun.c:289:5:NAND_VersionGet	8	static
nand_uboot_fun.c:306:5:NAND_VersionCheck	72	static
nand_uboot_fun.c:382:6:NAND_EraseBootBlocks	16	static
nand_uboot_fun.c:412:6:NAND_EraseChip	0	static
nand_uboot_fun.c:417:6:NAND_EraseChip_force	0	static
nand_uboot_fun.c:422:5:NAND_BadBlockScan	0	static
nand_uboot_fun.c:427:5:NAND_UbootInit	16	static
nand_uboot_fun.c:450:5:NAND_UbootExit	8	static
nand_uboot_fun.c:460:5:NAND_UbootProbe	8	static
nand_uboot_fun.c:484:6:NAND_UbootRead_History	0	static
nand_uboot_fun.c:489:6:NAND_UbootRead	0	static
nand_uboot_fun.c:494:6:NAND_UbootWrite	0	static
nand_uboot_fun.c:500:5:NAND_Uboot_Erase	16	static
nand_uboot_fun.c:543:5:NAND_Uboot_Force_Erase	8	static
nand_uboot_fun.c:561:5:NAND_ReadBoot0	0	static
nand_uboot_fun.c:566:5:NAND_BurnBoot0	0	static
nand_uboot_fun.c:573:5:NAND_BurnUboot	0	static
nand_uboot_fun.c:578:5:NAND_GetParam_store	16	static
nand_uboot_fun.c:615:5:NAND_FlushCache	8	static
nand_uboot_fun.c:641:5:nand_verify_toc0	16	static
