nand_osal_uboot.c:127:12:nand_fdt_get_path_offset	16	static
nand_osal_uboot.c:107:7:get_wvalue	0	static
nand_osal_uboot.c:112:6:put_wvalue	0	static
nand_osal_uboot.c:144:5:nand_fdt_get_uint	8	static
nand_osal_uboot.c:160:5:nand_fdt_get_int	8	static
nand_osal_uboot.c:177:13:nand_fdt_get_string	8	static
nand_osal_uboot.c:196:5:nand_fdt_get_addr	24	static
nand_osal_uboot.c:217:7:get_storage_type	8	static
nand_osal_uboot.c:233:5:NAND_set_boot_mode	0	static
nand_osal_uboot.c:240:5:NAND_Print	16	static
nand_osal_uboot.c:255:5:NAND_Print_DBG	16	static
nand_osal_uboot.c:270:7:NAND_CleanFlushDCacheRegion	8	static
nand_osal_uboot.c:276:7:NAND_InvaildDCacheRegion	8	static
nand_osal_uboot.c:284:7:NAND_DMASingleMap	0	static
nand_osal_uboot.c:289:7:NAND_DMASingleUnmap	0	static
nand_osal_uboot.c:312:7:NAND_FreeMemoryForDMADescs	16	static
nand_osal_uboot.c:323:7:NAND_PIORequest	8	static
nand_osal_uboot.c:353:7:NAND_3DNand_Request	8	static
nand_osal_uboot.c:368:7:NAND_Check_3DNand	8	static
nand_osal_uboot.c:382:7:NAND_PIOFuncChange_DQSc	8	static
nand_osal_uboot.c:409:7:NAND_PIOFuncChange_REc	8	static
nand_osal_uboot.c:438:6:NAND_PIORelease	0	static
nand_osal_uboot.c:443:6:NAND_Bug	8	static
nand_osal_uboot.c:448:6:NAND_Mdelay	8	static
nand_osal_uboot.c:453:6:NAND_Memset	0	static
nand_osal_uboot.c:458:6:NAND_Memcpy	0	static
nand_osal_uboot.c:463:5:NAND_Memcmp	0	static
nand_osal_uboot.c:468:5:NAND_Strcmp	0	static
nand_osal_uboot.c:474:7:NAND_Malloc	8	static
nand_osal_uboot.c:294:7:NAND_AllocMemoryForDMADescs	16	static
nand_osal_uboot.c:489:6:NAND_Free	0	static
nand_osal_uboot.c:494:7:nand_malloc	0	static
nand_osal_uboot.c:509:6:nand_free	0	static
nand_osal_uboot.c:515:7:OSAL_IrqUnLock	0	static
nand_osal_uboot.c:519:7:OSAL_IrqLock	0	static
nand_osal_uboot.c:524:5:NAND_WaitRbReady	0	static
nand_osal_uboot.c:529:7:NAND_IORemap	0	static
nand_osal_uboot.c:534:7:NAND_VA_TO_PA	0	static
nand_osal_uboot.c:539:7:RAWNAND_GetIOBaseAddrCH0	0	static
nand_osal_uboot.c:544:7:RAWNAND_GetIOBaseAddrCH1	0	static
nand_osal_uboot.c:548:7:SPINAND_GetIOBaseAddrCH0	0	static
nand_osal_uboot.c:553:7:SPINAND_GetIOBaseAddrCH1	0	static
nand_osal_uboot.c:558:7:NAND_GetNdfcVersion	0	static
nand_osal_uboot.c:563:7:NAND_GetNdfcDmaMode	0	static
nand_osal_uboot.c:572:5:NAND_PhysicLockInit	0	static
nand_osal_uboot.c:577:5:NAND_PhysicLock	0	static
nand_osal_uboot.c:582:5:NAND_PhysicUnLock	0	static
nand_osal_uboot.c:587:5:NAND_PhysicLockExit	0	static
nand_osal_uboot.c:592:7:NAND_GetMaxChannelCnt	0	static
nand_osal_uboot.c:597:7:NAND_GetPlatform	0	static
nand_osal_uboot.c:605:5:nand_request_dma	8	static
nand_osal_uboot.c:616:5:NAND_ReleaseDMA	8	static
nand_osal_uboot.c:627:5:rawnand_dma_config_start	40	static
nand_osal_uboot.c:683:5:spinand_request_tx_dma	8	static
nand_osal_uboot.c:695:5:spinand_request_rx_dma	8	static
nand_osal_uboot.c:707:5:spinand_releasetxdma	8	static
nand_osal_uboot.c:718:5:spinand_releaserxdma	8	static
nand_osal_uboot.c:729:6:spinand_dma_callback	0	static
nand_osal_uboot.c:737:5:spinand_dma_config_start	32	static
nand_osal_uboot.c:800:5:NAND_WaitDmaFinish	16	static
nand_osal_uboot.c:835:5:Nand_Dma_End	8	static
nand_osal_uboot.c:842:5:nand_dma_config_start	16	static
nand_osal_uboot.c:855:7:NAND_GetNandExtPara	24	static
nand_osal_uboot.c:911:7:NAND_GetNandIDNumCtrl	8	static
nand_osal_uboot.c:936:6:nand_cond_resched	0	static
nand_osal_uboot.c:941:7:NAND_GetNandCapacityLevel	8	static
nand_osal_uboot.c:979:7:nand_rb_wait_time_out	0	static
nand_osal_uboot.c:984:7:nand_rb_wake_up	0	static
nand_osal_uboot.c:996:7:nand_dma_wait_time_out	0	static
nand_osal_uboot.c:1001:7:nand_dma_wake_up	0	static
nand_osal_uboot.c:1011:5:NAND_IS_Secure_sys	8	static
nand_osal_uboot.c:1025:5:NAND_IS_Secure_Chip	0	static
nand_osal_uboot.c:1033:5:NAND_IS_Burn_Mode	8	static
nand_osal_uboot.c:1043:5:NAND_GetVoltage	0	static
nand_osal_uboot.c:1049:5:NAND_ReleaseVoltage	0	static
nand_osal_uboot.c:1055:6:NAND_Print_Version	16	static
nand_osal_uboot.c:1066:5:NAND_Get_Version	0	static
nand_osal_uboot.c:1079:5:nand_get_bsp_code	16	static
nand_osal_uboot.c:1119:5:nand_get_support_boot_check_crc	8	static
nand_osal_uboot.c:1195:6:nand_enable_vccq_3p3v	0	static
nand_osal_uboot.c:1205:6:nand_enable_vccq_1p8v	0	static
nand_osal_uboot.c:1219:6:nand_common1_show_version	8	static
