sunxi_flash.c:31:5:sunxi_flash_read	0	static
sunxi_flash.c:36:5:sunxi_flash_write	0	static
sunxi_flash.c:41:5:sunxi_flash_flush	0	static
sunxi_flash.c:46:5:sunxi_flash_erase	0	static
sunxi_flash.c:51:5:sunxi_flash_force_erase	0	static
sunxi_flash.c:56:5:sunxi_flash_phyread	0	static
sunxi_flash.c:698:22:sunxi_block_read	24	static
sunxi_flash.c:61:5:sunxi_flash_phywrite	0	static
sunxi_flash.c:712:22:sunxi_block_write	24	static
sunxi_flash.c:66:6:sunxi_flash_size	0	static
sunxi_flash.c:747:12:sunxi_flash_get_dev	16	static
sunxi_flash.c:71:5:sunxi_secstorage_read	0	static
sunxi_flash.c:76:5:sunxi_secstorage_write	4	static
sunxi_flash.c:84:5:sunxi_secstorage_flush	0	static
sunxi_flash.c:91:5:sunxi_flash_is_support_fast_write	0	static
sunxi_flash.c:108:5:sunxi_flash_download_spl	0	static
sunxi_flash.c:113:5:sunxi_flash_download_toc	0	static
sunxi_flash.c:118:5:sunxi_flash_init	8	static
sunxi_flash.c:124:5:sunxi_flash_exit	0	static
sunxi_flash.c:129:5:sunxi_flash_write_end	0	static
sunxi_flash.c:139:5:sunxi_flash_erase_area	0	static
sunxi_flash.c:147:5:sunxi_sprite_read	0	static
sunxi_flash.c:152:5:sunxi_sprite_write	0	static
sunxi_flash.c:157:5:sunxi_sprite_flush	0	static
sunxi_flash.c:162:5:sunxi_sprite_erase	0	static
sunxi_flash.c:167:5:sunxi_sprite_force_erase	0	static
sunxi_flash.c:172:5:sunxi_sprite_phyread	0	static
sunxi_flash.c:177:5:sunxi_sprite_phywrite	0	static
sunxi_flash.c:182:5:sunxi_sprite_phyerase	0	static
sunxi_flash.c:187:6:sunxi_sprite_size	0	static
sunxi_flash.c:192:5:sunxi_sprite_secstorage_read	0	static
sunxi_flash.c:197:5:sunxi_sprite_secstorage_write	0	static
sunxi_flash.c:203:5:sunxi_sprite_download_spl	0	static
sunxi_flash.c:208:5:sunxi_sprite_download_toc	0	static
sunxi_flash.c:213:5:sunxi_sprite_init	0	static
sunxi_flash.c:218:5:sunxi_sprite_exit	0	static
sunxi_flash.c:223:5:sunxi_sprite_write_end	0	static
sunxi_flash.c:233:5:sunxi_sprite_erase_area	0	static
sunxi_flash.c:243:5:sunxi_flash_hook_init	8	static
sunxi_flash.c:256:5:sunxi_flash_boot_init	16	static
sunxi_flash.c:328:5:sunxi_flash_probe	16	static
sunxi_flash.c:376:5:sunxi_flash_init_ext	16	static
sunxi_flash.c:405:5:sunxi_flash_upload_boot0	16	static
sunxi_flash.c:431:5:sunxi_flash_get_boot1_size	16	static
sunxi_flash.c:453:5:sunxi_flash_get_boot0_size	16	static
