disp_sys_intf.c:32:6:mutex_destroy	0	static
disp_sys_intf.c:57:6:disp_sys_cache_flush	0	static
disp_sys_intf.c:112:5:disp_sys_register_irq	8	static
disp_sys_intf.c:140:6:disp_sys_unregister_irq	0	static
disp_sys_intf.c:163:6:disp_sys_enable_irq	0	static
disp_sys_intf.c:186:6:disp_sys_disable_irq	0	static
disp_sys_intf.c:191:6:tasklet_init	0	static
disp_sys_intf.c:203:6:tasklet_schedule	0	static
disp_sys_intf.c:249:6:disp_fdt_init	16	static
disp_sys_intf.c:260:6:disp_fdt_nodeoffset	24	static
disp_sys_intf.c:279:5:disp_get_compat_lcd_panel_num	32	static
disp_sys_intf.c:321:5:disp_get_set_lcd_param_index_from_flash	152	static
disp_sys_intf.c:434:5:disp_update_lcd_param	136	static
disp_sys_intf.c:587:5:disp_sys_script_get_item	80	static
disp_sys_intf.c:641:5:disp_sys_get_ic_ver	0	static
disp_sys_intf.c:646:5:disp_sys_gpio_request	64	static
disp_sys_intf.c:664:5:disp_sys_gpio_request_simple	64	static
disp_sys_intf.c:681:5:disp_sys_gpio_release	8	static
disp_sys_intf.c:692:5:disp_sys_gpio_set_direction	0	static
disp_sys_intf.c:697:5:disp_sys_gpio_get_value	0	static
disp_sys_intf.c:702:5:disp_sys_gpio_set_value	0	static
disp_sys_intf.c:708:5:disp_sys_pin_set_state	8	static
disp_sys_intf.c:723:5:disp_sys_power_enable	16	static
disp_sys_intf.c:740:5:disp_sys_power_disable	0	static
disp_sys_intf.c:760:11:disp_sys_pwm_request	8	static
disp_sys_intf.c:766:5:disp_sys_pwm_free	0	static
disp_sys_intf.c:771:5:disp_sys_pwm_enable	0	static
disp_sys_intf.c:781:5:disp_sys_pwm_disable	8	static
disp_sys_intf.c:790:5:disp_sys_pwm_config	0	static
disp_sys_intf.c:799:5:disp_sys_pwm_set_polarity	0	static
