de_dsi.c:30:5:dsi_delay_ms	8	static
de_dsi.c:37:5:dsi_delay_us	8	static
de_dsi.c:44:5:dsi_set_reg_base	0	static
de_dsi.c:52:5:dsi_get_reg_base	0	static
de_dsi.c:57:5:dsi_get_start_delay	16	static
de_dsi.c:74:5:dsi_get_cur_line	8	static
de_dsi.c:89:5:dsi_irq_enable	0	static
de_dsi.c:96:5:dsi_irq_disable	0	static
de_dsi.c:103:5:dsi_irq_query	8	static
de_dsi.c:116:5:dsi_inst_busy	0	static
de_dsi.c:121:5:dsi_start	0	static
de_dsi.c:177:5:dsi_open	8	static
de_dsi.c:193:5:dsi_close	8	static
de_dsi.c:214:7:dsi_mode_switch	0	static
de_dsi.c:219:7:dsi_gen_short_rd	0	static
de_dsi.c:224:5:dsi_tri_start	8	static
de_dsi.c:287:5:dsi_dcs_wr_index	0	static
de_dsi.c:292:5:dsi_dcs_wr_data	0	static
de_dsi.c:657:5:dsi_comb_dphy_pll_set	80	static
de_dsi.c:708:7:dsi_dphy_open	32	static
de_dsi.c:766:7:dsi_dphy_close	0	static
de_dsi.c:780:7:lvds_combphy_close	0	static
de_dsi.c:790:7:lvds_combphy_open	16	static
de_dsi.c:812:5:dsi_io_open	8	static
de_dsi.c:863:5:dsi_io_close	16	static
de_dsi.c:907:5:dsi_clk_enable	8	static
de_dsi.c:1234:5:dsi_exit	0	static
de_dsi.c:1239:4:dsi_ecc_pro	88	static
de_dsi.c:427:5:dsi_set_max_ret_size	16	static
de_dsi.c:439:5:dsi_dcs_rd	32	static
de_dsi.c:495:5:dsi_dcs_rd_memory	64	static
de_dsi.c:1277:5:dsi_crc_pro	20	static
de_dsi.c:238:5:dsi_dcs_wr	32	static
de_dsi.c:297:5:dsi_dcs_wr_0para	16	static
de_dsi.c:304:5:dsi_dcs_wr_1para	16	static
de_dsi.c:311:5:dsi_dcs_wr_2para	16	static
de_dsi.c:320:5:dsi_dcs_wr_3para	16	static
de_dsi.c:330:5:dsi_dcs_wr_4para	16	static
de_dsi.c:341:5:dsi_dcs_wr_5para	16	static
de_dsi.c:354:5:dsi_dcs_wr_memory	280	static
de_dsi.c:389:5:dsi_gen_wr	32	static
de_dsi.c:1301:5:dsi_crc_pro_pd_repeat	20	static
de_dsi.c:1226:5:dsi_cfg	56	static
