de_feat.c:1519:5:de_feat_get_num_screens	0	static
de_feat.c:1524:5:de_feat_get_num_devices	0	static
de_feat.c:1529:5:de_feat_get_num_chns	0	static
de_feat.c:1534:5:de_feat_get_num_vi_chns	0	static
de_feat.c:1539:5:de_feat_get_num_ui_chns	0	static
de_feat.c:1545:5:de_feat_get_num_layers	16	static
de_feat.c:1563:5:de_feat_get_num_layers_by_chn	16	static
de_feat.c:1579:5:de_feat_is_support_vep	16	static
de_feat.c:1597:5:de_feat_is_support_vep_by_chn	16	static
de_feat.c:1613:5:de_feat_is_support_smbl	0	static
de_feat.c:1618:5:de_feat_is_supported_output_types	0	static
de_feat.c:1624:5:de_feat_is_support_wb	0	static
de_feat.c:1629:5:de_feat_is_support_scale	16	static
de_feat.c:1647:5:de_feat_is_support_scale_by_chn	16	static
de_feat.c:1663:5:de_feat_get_scale_linebuf_for_yuv	16	static
de_feat.c:1679:5:de_feat_get_scale_linebuf_for_rgb	16	static
de_feat.c:1695:5:de_feat_get_scale_linebuf_for_ed	16	static
de_feat.c:1717:14:de_feat_get_tcon_type	0	static
de_feat.c:1731:5:de_feat_get_tcon_index	8	static
de_feat.c:1744:5:de_feat_init	0	static
