disp_al.c:409:5:disp_al_layer_apply	88	static
disp_al.c:458:5:disp_al_de_clk_enable	0	static
disp_al.c:448:5:disp_al_manager_init	0	static
disp_al.c:463:5:disp_al_de_clk_disable	0	static
disp_al.c:453:5:disp_al_manager_exit	0	static
disp_al.c:468:5:disp_al_manager_apply	16	static
disp_al.c:509:5:disp_al_manager_sync	0	static
disp_al.c:514:5:disp_al_manager_update_regs	0	static
disp_al.c:519:5:disp_al_manager_query_irq	0	static
disp_al.c:524:5:disp_al_manager_enable_irq	0	static
disp_al.c:529:5:disp_al_manager_disable_irq	0	static
disp_al.c:534:5:disp_al_enhance_apply	72	static
disp_al.c:547:5:disp_al_enhance_update_regs	0	static
disp_al.c:552:5:disp_al_enhance_sync	0	static
disp_al.c:557:5:disp_al_enhance_tasklet	0	static
disp_al.c:563:5:disp_al_capture_init	0	static
disp_al.c:568:5:disp_al_capture_exit	0	static
disp_al.c:573:5:disp_al_capture_sync	8	static
disp_al.c:581:5:disp_al_capture_apply	0	static
disp_al.c:586:5:disp_al_capture_get_status	0	static
disp_al.c:591:5:disp_al_write_back_clk_init	0	static
disp_al.c:596:5:disp_al_write_back_clk_exit	0	static
disp_al.c:637:5:disp_al_smbl_apply	0	static
disp_al.c:642:5:disp_al_smbl_update_regs	0	static
disp_al.c:647:5:disp_al_smbl_sync	0	static
disp_al.c:652:5:disp_al_smbl_tasklet	0	static
disp_al.c:657:5:disp_al_smbl_get_status	0	static
disp_al.c:676:5:disp_al_lcd_get_clk_info	24	static
disp_al.c:757:5:disp_al_lcd_cfg	56	static
disp_al.c:819:5:disp_al_lcd_cfg_ext	8	static
disp_al.c:826:5:disp_al_lcd_enable	16	static
disp_al.c:853:5:disp_al_lcd_disable	16	static
disp_al.c:885:5:disp_al_lcd_query_irq	4	static
disp_al.c:907:5:disp_al_lcd_enable_irq	4	static
disp_al.c:929:5:disp_al_lcd_disable_irq	4	static
disp_al.c:951:5:disp_al_lcd_tri_busy	16	static
disp_al.c:967:5:disp_al_lcd_tri_start	8	static
disp_al.c:976:5:disp_al_lcd_io_cfg	16	static
disp_al.c:997:5:disp_al_lcd_get_cur_line	0	static
disp_al.c:1008:5:disp_al_lcd_get_start_delay	16	static
disp_al.c:1030:5:disp_al_hdmi_enable	8	static
disp_al.c:1038:5:disp_al_hdmi_disable	16	static
disp_al.c:1049:5:disp_al_hdmi_cfg	24	static
disp_al.c:1094:5:disp_al_tv_enable	8	static
disp_al.c:1102:5:disp_al_tv_disable	16	static
disp_al.c:1113:5:disp_al_tv_cfg	24	static
disp_al.c:1181:5:disp_al_vdevice_cfg	352	static
disp_al.c:1238:5:disp_al_vdevice_enable	312	static
disp_al.c:1249:5:disp_al_vdevice_disable	16	static
disp_al.c:1260:5:disp_al_device_get_cur_line	0	static
disp_al.c:1267:5:disp_al_device_get_start_delay	0	static
disp_al.c:1275:5:disp_al_device_query_irq	0	static
disp_al.c:1287:5:disp_al_device_enable_irq	0	static
disp_al.c:1299:5:disp_al_device_disable_irq	0	static
disp_al.c:1311:5:disp_al_device_get_status	0	static
disp_al.c:1320:5:disp_al_device_src_select	0	static
disp_al.c:1327:5:disp_init_al	96	static
disp_al.c:1419:5:disp_al_get_fb_info	0	static
disp_al.c:1424:5:disp_al_get_display_size	8	static
disp_al.c:1433:6:disp_al_show_builtin_patten	0	static
