sunxi-driver.c:68:12:do_erase_block	72	static
sunxi-driver.c:205:12:download_boot	88	static
sunxi-driver.c:34:5:spinand_init_mtd_info	24	static
sunxi-driver.c:58:12:spinand_mtd_read	0	static
sunxi-driver.c:63:12:spinand_mtd_write	0	static
sunxi-driver.c:105:6:spinand_uboot_blknum	24	static
sunxi-driver.c:154:12:spinand_mtd_erase_boot	16	static
sunxi-driver.c:165:12:spinand_mtd_erase_data	24	static
sunxi-driver.c:180:5:spinand_mtd_erase	8	static
sunxi-driver.c:188:5:spinand_mtd_force_erase	8	static
sunxi-driver.c:283:5:spinand_mtd_get_flash_info	48	static
sunxi-driver.c:342:5:spinand_mtd_download_boot0	40	static
sunxi-driver.c:370:5:spinand_mtd_download_uboot	48	static
sunxi-driver.c:417:5:spinand_mtd_flush	8	static
sunxi-driver.c:426:5:spinand_mtd_write_end	0	static
sunxi-driver.c:431:5:spinand_mtd_init	96	static
sunxi-driver.c:477:5:spinand_mtd_exit	8	static
sunxi-driver.c:491:6:support_spinand	8	static
sunxi-driver.c:511:10:spinand_mtd_size	0	static
sunxi-driver.c:516:5:spinand_mtd_secure_storage_read	16	static
sunxi-driver.c:523:5:spinand_mtd_secure_storage_write	16	static
