sunxi-core.c:411:12:aw_spinand_panic_write	0	static
sunxi-core.c:388:12:aw_spinand_block_markbad	64	static
sunxi-core.c:365:12:aw_spinand_block_isbad	64	static
sunxi-core.c:31:12:aw_spinand_erase	80	static
sunxi-core.c:299:12:aw_spinand_write_oob	88	static
sunxi-core.c:346:12:aw_spinand_write	56	static
sunxi-core.c:227:12:aw_spinand_read_oob	88	static
sunxi-core.c:281:12:aw_spinand_read	56	static
sunxi-core.c:438:5:aw_spinand_probe	40	static
sunxi-core.c:504:6:aw_spinand_exit	8	static
sunxi-core.c:523:27:get_spinand	0	static
