usb_fastboot.c:1606:13:sunxi_fastboot_reset	0	static
usb_fastboot.c:1734:12:sunxi_fastboot_nonstandard_req_op	0	static
usb_fastboot.c:1649:13:sunxi_fastboot_usb_tx_dma_isr	0	static
usb_fastboot.c:1627:13:sunxi_fastboot_usb_rx_dma_isr	0	static
usb_fastboot.c:512:12:erase_userdata	136	static
usb_fastboot.c:1579:12:sunxi_fastboot_exit	8	static
usb_fastboot.c:459:12:__sunxi_fastboot_send_status	0	static
usb_fastboot.c:481:12:__fastboot_reboot	24	static
usb_fastboot.c:1757:13:__limited_fastboot	72	static
usb_fastboot.c:1669:12:sunxi_fastboot_standard_req_op	40	static
usb_fastboot.c:1529:12:sunxi_fastboot_init	16	static
usb_fastboot.c:47:5:get_fastboot_data_flag	0	static
usb_fastboot.c:52:27:sunxi_secure_storage_init	0	static
usb_fastboot.c:57:27:sunxi_secure_storage_exit	0	static
usb_fastboot.c:63:1:sunxi_secure_object_read	0	static
usb_fastboot.c:70:1:sunxi_secure_object_write	0	static
usb_fastboot.c:1231:12:sunxi_fastboot_write_status_flag	16	static
usb_fastboot.c:75:27:sunxi_verify_toc1_root_cert	0	static
usb_fastboot.c:1164:5:sunxi_oem_op_lock	80	static
usb_fastboot.c:1787:5:sunxi_fastboot_status_read	560	static
usb_fastboot.c:1830:12:sunxi_fastboot_status	8	static
usb_fastboot.c:1857:12:sunxi_fastboot_state_loop	2328	static
