usb_burn.c:920:13:sunxi_pburn_reset	0	static
usb_burn.c:941:14:sunxi_pburn_usb_rx_dma_isr	0	static
usb_burn.c:963:14:sunxi_pburn_usb_tx_dma_isr	0	static
usb_burn.c:888:12:sunxi_pburn_exit	8	static
usb_burn.c:1056:12:sunxi_pburn_nonstandard_req_op	8	static
usb_burn.c:986:12:sunxi_pburn_standard_req_op	40	static
usb_burn.c:842:12:sunxi_pburn_init	16	static
usb_burn.c:1092:13:sunxi_usb_burn_private_partition.isra.2.constprop	544	static
usb_burn.c:24:5:sunxi_key_ladder_verify_rotpk_hash	8	static
usb_burn.c:31:5:smc_set_sst_crypt_name	8	static
usb_burn.c:38:5:sunxi_verify_rotpk_hash	8	static
usb_burn.c:45:5:sunxi_deal_hdcp_key	8	static
usb_burn.c:52:5:sunxi_secure_object_down	8	static
usb_burn.c:60:5:sunxi_efuse_write	8	static
usb_burn.c:67:5:sunxi_efuse_read	8	static
usb_burn.c:94:27:sunxi_keybox_has_key	8	static
usb_burn.c:100:6:set_usb_burn_boot_init_flag	0	static
usb_burn.c:498:5:__sunxi_burn_key	120	static
usb_burn.c:670:5:__sunxi_read_key_by_name	4136	static
usb_burn.c:764:5:__sunxi_erase_key	8	static
usb_burn.c:804:5:__sunxi_burn_flag	8	static
usb_burn.c:1343:12:sunxi_pburn_state_loop	64	static
