usb_base_platform.c:634:13:__usb_bulk_ep_reset	24	static
usb_base_platform.c:672:12:__usb_read_ep0_data	24	static
usb_base_platform.c:595:13:__usb_writecomplete.constprop	16	static
usb_base_platform.c:91:12:get_fastboot_data_flag	0	static
usb_base_platform.c:97:13:set_usb_burn_boot_init_flag	0	static
usb_base_platform.c:123:6:sunxi_usb_irq	48	static
usb_base_platform.c:103:13:otg_phy_config	0	static
usb_base_platform.c:262:5:sunxi_usb_init	32	static
usb_base_platform.c:426:5:sunxi_usb_exit	8	static
usb_base_platform.c:885:6:sunxi_udc_ep_reset	0	static
usb_base_platform.c:905:5:sunxi_udc_start_recv_by_dma	24	static
usb_base_platform.c:945:6:sunxi_udc_send_setup	16	static
usb_base_platform.c:977:5:sunxi_udc_set_configuration	0	static
usb_base_platform.c:997:5:sunxi_udc_set_address	8	static
usb_base_platform.c:1019:5:sunxi_udc_send_data	32	static
usb_base_platform.c:1041:5:sunxi_udc_get_ep_max	0	static
usb_base_platform.c:1061:5:sunxi_udc_get_ep_in_type	0	static
usb_base_platform.c:1081:5:sunxi_udc_get_ep_out_type	0	static
usb_base_platform.c:1462:6:sunxi_usb_main_loop	16	static
usb_base_platform.c:1512:5:sunxi_usb_extern_loop	0	static
