usbc.c:50:7:USBC_GetVbusStatus	0	static
usbc.c:101:6:USBC_OTG_SelectMode	0	static
usbc.c:134:7:USBC_ReadLenFromFifo	0	static
usbc.c:181:7:USBC_WritePacket	8	static
usbc.c:249:7:USBC_ReadPacket	12	static
usbc.c:285:6:USBC_ConfigFIFO_Base	0	static
usbc.c:308:7:USBC_GetPortFifoStartAddr	0	static
usbc.c:326:7:USBC_GetPortFifoSize	0	static
usbc.c:404:7:USBC_SelectFIFO	0	static
usbc.c:442:6:__USBC_ConfigFifo_TxEp	8	static
usbc.c:471:6:__USBC_ConfigFifo_RxEp_Default	0	static
usbc.c:498:6:__USBC_ConfigFifo_RxEp	8	static
usbc.c:546:6:USBC_ConfigFifo_Default	0	static
usbc.c:594:6:USBC_ConfigFifo	4	static
usbc.c:638:7:USBC_GetLastFrameNumber	0	static
usbc.c:668:7:USBC_GetStatus_Dp	0	static
usbc.c:703:7:USBC_GetStatus_Dm	0	static
usbc.c:738:7:USBC_GetStatus_DpDm	0	static
usbc.c:775:7:USBC_GetOtgMode_Form_ID	0	static
usbc.c:810:7:USBC_GetOtgMode_Form_BDevice	0	static
usbc.c:848:6:USBC_SelectBus	8	static
usbc.c:947:7:USBC_INT_EpPending	0	static
usbc.c:969:6:USBC_INT_ClearEpPending	0	static
usbc.c:995:6:USBC_INT_ClearEpPendingAll	0	static
usbc.c:1021:7:USBC_INT_MiscPending	0	static
usbc.c:1033:6:USBC_INT_ClearMiscPending	0	static
usbc.c:1045:6:USBC_INT_ClearMiscPendingAll	0	static
usbc.c:1057:6:USBC_INT_EnableEp	0	static
usbc.c:1082:6:USBC_INT_EnableUsbMiscUint	0	static
usbc.c:1097:6:USBC_INT_DisableEp	0	static
usbc.c:1122:6:USBC_INT_DisableUsbMiscUint	0	static
usbc.c:1137:6:USBC_INT_DisableEpAll	0	static
usbc.c:1162:6:USBC_INT_DisableUsbMiscAll	0	static
usbc.c:1174:7:USBC_GetActiveEp	0	static
usbc.c:1186:6:USBC_SelectActiveEp	0	static
usbc.c:1198:6:USBC_EnhanceSignal	0	static
usbc.c:1211:6:USBC_EnterMode_TestPacket	0	static
usbc.c:1223:6:USBC_EnterMode_Test_K	0	static
usbc.c:1235:6:USBC_EnterMode_Test_J	0	static
usbc.c:1247:6:USBC_EnterMode_Test_SE0_NAK	0	static
usbc.c:1259:6:USBC_EnterMode_Idle	0	static
usbc.c:1285:6:USBC_SetWakeUp_Default	0	static
usbc.c:1291:6:USBC_EnableIdPullUp	0	static
usbc.c:1303:6:USBC_DisableIdPullUp	0	static
usbc.c:1315:6:USBC_EnableDpDmPullUp	0	static
usbc.c:1327:6:USBC_DisableDpDmPullUp	0	static
usbc.c:1375:6:USBC_ForceId	0	static
usbc.c:1429:6:USBC_ForceVbusValid	0	static
usbc.c:1447:6:USBC_A_valid_InputSelect	0	static
usbc.c:1453:6:USBC_EnableUsbLineStateBypass	0	static
usbc.c:1459:6:USBC_DisableUsbLineStateBypass	0	static
usbc.c:1465:6:USBC_EnableHosc	0	static
usbc.c:1477:6:USBC_DisableHosc	0	static
usbc.c:1489:7:USBC_IsVbusChange	0	static
usbc.c:1508:7:USBC_IsIdChange	0	static
usbc.c:1527:7:USBC_IsDpDmChange	0	static
usbc.c:1546:6:USBC_DisableWakeIrq	0	static
usbc.c:1558:6:USBC_DisableVbusChange	0	static
usbc.c:1570:6:USBC_DisableIdChange	0	static
usbc.c:1582:6:USBC_DisableDpDmChange	0	static
usbc.c:1594:6:USBC_EnableWakeIrq	0	static
usbc.c:1606:6:USBC_EnableVbusChange	0	static
usbc.c:1618:6:USBC_EnableIdChange	0	static
usbc.c:1630:6:USBC_EnableDpDmChange	0	static
usbc.c:1642:7:USBC_TestMode_ReadReg	0	static
usbc.c:1766:6:USBC_PrintAllReg	40	static
usbc.c:1832:8:USBC_open_otg	8	static
usbc.c:1871:8:USBC_close_otg	8	static
usbc.c:1904:7:USBC_init	0	static
usbc.c:1955:7:USBC_exit	8	static
