timer.c:296:13:timerX_callback_default	0	static
timer.c:301:6:timer0_func	8	static
timer.c:317:6:timer1_func	8	static
timer.c:37:5:timer_init	0	static
timer.c:56:6:timer_exit	0	static
timer.c:131:46:read_timer	0	static
timer.c:141:6:__udelay	20	static
timer.c:154:6:__usdelay	0	static
timer.c:167:6:__msdelay	0	static
timer.c:176:47:runtime_tick	20	static
timer.c:183:23:timer_get_us	20	static
timer.c:190:49:get_timer_masked	0	static
timer.c:200:49:get_timer	8	static
timer.c:210:20:get_ticks	0	static
timer.c:226:7:get_tbclk	0	static
timer.c:233:6:watchdog_disable	0	static
timer.c:241:6:watchdog_enable	8	static
timer.c:334:6:init_timer	0	static
timer.c:339:7:add_timer	24	static
timer.c:418:6:del_timer	16	static
