sunxi_smc_v2.c:275:13:smc_readl_normal	0	static
sunxi_smc_v2.c:279:13:smc_writel_normal	0	static
sunxi_smc_v2.c:59:5:sunxi_smc_call_optee	64	static
sunxi_smc_v2.c:70:5:sunxi_smc_call_atf	0	static
sunxi_smc_v2.c:76:5:sunxi_smc_call	0	static
sunxi_smc_v2.c:86:5:arm_svc_set_cpu_on	16	static
sunxi_smc_v2.c:91:5:arm_svc_set_cpu_off	16	static
sunxi_smc_v2.c:97:5:sunxi_smc_set_cpu_entry	48	static
sunxi_smc_v2.c:106:5:sunxi_smc_set_cpu_off	48	static
sunxi_smc_v2.c:115:5:arm_svc_version	16	static
sunxi_smc_v2.c:128:5:arm_svc_call_count	0	static
sunxi_smc_v2.c:133:5:arm_svc_uuid	0	static
sunxi_smc_v2.c:138:5:arm_svc_run_os	0	static
sunxi_smc_v2.c:143:5:arm_svc_read_sec_reg	16	static
sunxi_smc_v2.c:148:5:arm_svc_write_sec_reg	24	static
sunxi_smc_v2.c:154:5:arm_svc_arisc_startup	0	static
sunxi_smc_v2.c:159:5:arm_svc_arisc_wait_ready	0	static
sunxi_smc_v2.c:164:5:arm_svc_arisc_fake_poweroff	16	static
sunxi_smc_v2.c:169:5:arm_svc_fake_poweroff	16	static
sunxi_smc_v2.c:174:5:arm_svc_poweroff	16	static
sunxi_smc_v2.c:179:5:arm_svc_arisc_read_pmu	0	static
sunxi_smc_v2.c:184:5:arm_svc_arisc_write_pmu	0	static
sunxi_smc_v2.c:189:5:arm_svc_efuse_read	72	static
sunxi_smc_v2.c:225:5:arm_svc_efuse_write	72	static
sunxi_smc_v2.c:263:5:arm_svc_probe_secure_mode	0	static
sunxi_smc_v2.c:269:5:arm_svc_customer_encrypt	16	static
sunxi_smc_v2.c:289:5:smc_readl	0	static
sunxi_smc_v2.c:294:6:smc_writel	0	static
sunxi_smc_v2.c:299:5:smc_efuse_readl	8	static
sunxi_smc_v2.c:305:5:smc_efuse_writel	8	static
sunxi_smc_v2.c:311:5:smc_tee_get_os_revision	56	static
sunxi_smc_v2.c:322:5:smc_tee_get_sunxi_call_offset	16	static
sunxi_smc_v2.c:335:5:smc_init	8	static
sunxi_smc_v2.c:358:5:smc_tee_ssk_encrypt	88	static
sunxi_smc_v2.c:396:5:smc_tee_ssk_decrypt	72	static
sunxi_smc_v2.c:431:5:smc_tee_rssk_encrypt	80	static
sunxi_smc_v2.c:470:5:smc_aes_rssk_decrypt_to_keysram	64	static
sunxi_smc_v2.c:500:5:smc_aes_algorithm	88	static
sunxi_smc_v2.c:551:5:smc_tee_keybox_store	80	static
sunxi_smc_v2.c:593:5:smc_tee_probe_drm_configure	56	static
sunxi_smc_v2.c:609:5:smc_tee_check_hash	64	static
sunxi_smc_v2.c:637:5:smc_tee_setup_mips	56	static
sunxi_smc_v2.c:649:5:smc_tee_inform_fdt	56	static
