disp_display.c:599:6:disp_tasklet	8	static
disp_display.c:438:5:bsp_disp_shadow_protect	16	static
disp_display.c:71:5:bsp_disp_exit	0	static
disp_display.c:87:5:bsp_disp_open	0	static
disp_display.c:92:5:bsp_disp_close	0	static
disp_display.c:97:5:disp_device_attached	40	static
disp_display.c:132:5:disp_device_attached_and_enable	16	static
disp_display.c:216:5:disp_device_detach	24	static
disp_display.c:243:5:bsp_disp_device_switch	72	static
disp_display.c:273:5:bsp_disp_device_set_config	24	static
disp_display.c:307:5:disp_init_connections	32	static
disp_display.c:20:5:bsp_disp_init	24	static
disp_display.c:384:5:bsp_disp_sync_with_hw	32	static
disp_display.c:487:5:bsp_disp_vsync_event_enable	0	static
disp_display.c:516:5:bsp_disp_get_fps	8	static
disp_display.c:544:5:bsp_disp_get_health_info	8	static
disp_display.c:552:6:sync_event_proc	24	static
disp_display.c:585:5:bsp_disp_get_output_type	8	static
disp_display.c:720:5:bsp_disp_set_print_level	0	static
disp_display.c:727:5:bsp_disp_get_print_level	0	static
disp_display.c:732:5:bsp_disp_get_screen_physical_width	16	static
disp_display.c:745:5:bsp_disp_get_screen_physical_height	16	static
disp_display.c:758:5:bsp_disp_get_screen_width	0	static
disp_display.c:765:5:bsp_disp_get_screen_height	0	static
disp_display.c:773:5:bsp_disp_get_screen_width_from_output_type	16	static
disp_display.c:889:5:bsp_disp_get_screen_height_from_output_type	24	static
disp_display.c:1005:5:bsp_disp_set_hdmi_func	24	static
disp_display.c:1035:5:bsp_disp_set_edp_func	24	static
disp_display.c:1066:5:bsp_disp_hdmi_get_support_mode	16	static
disp_display.c:1085:5:bsp_disp_hdmi_get_work_mode	16	static
disp_display.c:1104:5:bsp_disp_hdmi_check_support_mode	16	static
disp_display.c:1123:5:bsp_disp_hdmi_get_hpd_status	16	static
disp_display.c:1142:5:bsp_disp_tv_get_hpd_status	16	static
disp_display.c:1161:5:bsp_disp_hdmi_set_detect	16	static
disp_display.c:1181:5:bsp_disp_hdmi_get_color_format	16	static
disp_display.c:1202:5:bsp_disp_tv_set_hpd	0	static
disp_display.c:1232:5:bsp_disp_tv_register	0	static
disp_display.c:1272:16:bsp_disp_lcd_get_open_flow	8	static
disp_display.c:1284:16:bsp_disp_lcd_get_close_flow	8	static
disp_display.c:1296:5:bsp_disp_lcd_set_panel_funs	32	static
disp_display.c:1328:6:LCD_OPEN_FUNC	16	static
disp_display.c:1339:6:LCD_CLOSE_FUNC	16	static
disp_display.c:1350:5:bsp_disp_get_lcd_registered	0	static
disp_display.c:1355:5:bsp_disp_get_hdmi_registered	0	static
disp_display.c:1360:5:bsp_disp_get_tv_registered	0	static
disp_display.c:1365:5:bsp_disp_lcd_backlight_enable	8	static
disp_display.c:1381:5:bsp_disp_lcd_backlight_disable	8	static
disp_display.c:1397:5:bsp_disp_lcd_pwm_enable	8	static
disp_display.c:1413:5:bsp_disp_lcd_pwm_disable	8	static
disp_display.c:1429:5:bsp_disp_lcd_power_enable	8	static
disp_display.c:1445:5:bsp_disp_lcd_power_disable	8	static
disp_display.c:1461:5:bsp_disp_lcd_switch_compat_panel	8	static
disp_display.c:1477:5:bsp_disp_lcd_set_bright	8	static
disp_display.c:1493:5:bsp_disp_lcd_get_bright	8	static
disp_display.c:1505:5:bsp_disp_lcd_tcon_enable	16	static
disp_display.c:1550:5:bsp_disp_lcd_tcon_disable	16	static
disp_display.c:1590:5:bsp_disp_lcd_pin_cfg	8	static
disp_display.c:1602:5:bsp_disp_lcd_gpio_set_value	16	static
disp_display.c:1614:5:bsp_disp_lcd_gpio_set_direction	16	static
disp_display.c:1626:5:bsp_disp_get_panel_info	16	static
disp_display.c:1640:5:bsp_disp_get_fb_info	0	static
disp_display.c:1645:5:bsp_disp_get_display_size	0	static
disp_display.c:1658:5:bsp_disp_lcd_dsi_mode_switch	24	static
disp_display.c:1686:5:bsp_disp_lcd_dsi_clk_enable	24	static
disp_display.c:1713:5:bsp_disp_lcd_dsi_dcs_wr	32	static
disp_display.c:1742:5:bsp_disp_lcd_dsi_gen_wr	32	static
disp_display.c:1771:5:bsp_disp_lcd_dsi_gen_short_read	16	static
disp_display.c:1785:5:bsp_disp_lcd_dsi_dcs_read	8	static
disp_display.c:1798:5:bsp_disp_lcd_set_max_ret_size	0	static
