disp_lcd.c:2850:12:disp_lcd_set_static_config	0	static
disp_lcd.c:93:28:disp_get_lcd_compat	16	static
disp_lcd.c:71:38:disp_lcd_get_priv	8	static
disp_lcd.c:132:12:disp_lcd_is_used	8	static
disp_lcd.c:1676:12:disp_lcd_cal_fps	8	static
disp_lcd.c:1443:12:disp_lcd_bright_curve_init	848	static
disp_lcd.c:2373:24:disp_lcd_get_open_flow	16	static
disp_lcd.c:1043:12:lcd_clk_disable	16	static
disp_lcd.c:2464:12:disp_lcd_compat_set_panel_funs	80	static
disp_lcd.c:976:12:lcd_clk_enable	120	static
disp_lcd.c:1260:12:disp_lcd_pin_cfg	64	static
disp_lcd.c:1367:12:disp_lcd_backlight_disable	80	static
disp_lcd.c:1431:12:disp_lcd_bright_get_adjust_value.part.3	8	static
disp_lcd.c:1543:5:disp_lcd_get_bright	8	static
disp_lcd.c:2325:5:disp_lcd_is_enabled	8	static
disp_lcd.c:2708:12:disp_lcd_disable_gamma	8	static
disp_lcd.c:2613:12:disp_lcd_get_dimensions	16	static
disp_lcd.c:2408:24:disp_lcd_get_close_flow	16	static
disp_lcd.c:2355:12:disp_lcd_set_close_func	16	static
disp_lcd.c:2337:12:disp_lcd_set_open_func	16	static
disp_lcd.c:2832:13:disp_lcd_check_config_dirty	8	static
disp_lcd.c:2856:12:disp_lcd_get_static_config	16	static
disp_lcd.c:1412:12:disp_lcd_power_disable	16	static
disp_lcd.c:2639:13:disp_lcd_is_in_safe_period	16	static
disp_lcd.c:1081:12:lcd_calc_judge_line	16	static
disp_lcd.c:2229:12:disp_lcd_sw_enable	104	static
disp_lcd.c:1591:12:disp_lcd_event_proc	24	static
disp_lcd.c:1393:12:disp_lcd_power_enable	16	static
disp_lcd.c:1573:12:disp_lcd_get_panel_info	16	static
disp_lcd.c:2599:5:disp_lcd_gpio_set_value	48	static
disp_lcd.c:2887:12:disp_lcd_exit	8	static
disp_lcd.c:2627:12:disp_lcd_get_status	8	static
disp_lcd.c:1248:12:disp_lcd_tcon_disable	8	static
disp_lcd.c:1228:12:disp_lcd_tcon_enable	8	static
disp_lcd.c:1317:12:disp_lcd_pwm_disable	16	static
disp_lcd.c:1300:12:disp_lcd_pwm_enable	16	static
disp_lcd.c:2730:12:disp_lcd_get_fps	8	static
disp_lcd.c:2662:12:disp_lcd_set_gamma_tbl	24	static
disp_lcd.c:2687:12:disp_lcd_enable_gamma	8	static
disp_lcd.c:1488:5:disp_lcd_set_bright	32	static
disp_lcd.c:1555:12:disp_lcd_set_bright_dimming	16	static
disp_lcd.c:1334:12:disp_lcd_backlight_enable	80	static
disp_lcd.c:2571:5:disp_lcd_gpio_set_direction	48	static
disp_lcd.c:81:21:disp_get_direct_lcd_compat	0	static
disp_lcd.c:111:21:disp_get_lcd	32	static
disp_lcd.c:2082:13:disp_lcd_pre_disable_ex	16	static
disp_lcd.c:1801:13:disp_lcd_post_enable_ex	8	static
disp_lcd.c:146:5:lcd_sys_script_get_item	80	static
disp_lcd.c:725:13:lcd_get_sys_config	104	static
disp_lcd.c:168:12:lcd_parse_panel_para	56	static
disp_lcd.c:2759:12:disp_lcd_init	24	static
disp_lcd.c:2437:12:disp_lcd_set_panel_funs	88	static
disp_lcd.c:2505:5:disp_lcd_gpio_init	96	static
disp_lcd.c:1790:13:disp_lcd_pre_enable_ex	32	static
disp_lcd.c:1812:12:__disp_lcd_enable	40	static
disp_lcd.c:2009:12:disp_lcd_fake_enable	0	static
disp_lcd.c:2001:12:disp_lcd_enable	0	static
disp_lcd.c:2536:5:disp_lcd_gpio_exit	88	static
disp_lcd.c:2093:13:disp_lcd_post_disable_ex	24	static
disp_lcd.c:1906:5:disp_lcd_switch_compat_panel	16	static
disp_lcd.c:2156:12:disp_lcd_disable	24	static
disp_lcd.c:2585:5:disp_lcd_gpio_get_value	40	static
disp_lcd.c:2901:5:disp_init_lcd	72	static
