disp_manager.c:738:42:disp_mgr_get_priv	8	static
disp_manager.c:1301:12:disp_mgr_tasklet	16	static
disp_manager.c:1047:12:disp_mgr_update_color_space	16	static
disp_manager.c:1710:5:disp_mgr_set_ksc_para	16	static
disp_manager.c:1639:12:disp_mgr_dump	120	static
disp_manager.c:1242:12:disp_mgr_sync	24	static
disp_manager.c:759:12:disp_mgr_shadow_protect.part.1	8	static
disp_manager.c:759:12:disp_mgr_shadow_protect	16	static
disp_manager.c:893:12:disp_mgr_get_clk_rate	8	static
disp_manager.c:1687:12:disp_mgr_blank	24	static
disp_manager.c:1014:12:disp_mgr_set_output_color_range	16	static
disp_manager.c:1626:12:disp_mgr_is_enabled	8	static
disp_manager.c:124:40:disp_lyr_get_priv	8	static
disp_manager.c:610:12:disp_lyr_dump	312	static
disp_manager.c:528:12:disp_lyr_dirty_clear	8	static
disp_manager.c:512:12:disp_lyr_is_dirty	8	static
disp_manager.c:420:12:disp_lyr_check2	8	static
disp_manager.c:408:12:disp_lyr_check	8	static
disp_manager.c:580:12:disp_lyr_apply	8	static
disp_manager.c:592:12:disp_lyr_force_apply	8	static
disp_manager.c:390:12:disp_lyr_unset_manager	8	static
disp_manager.c:372:12:disp_lyr_set_manager	16	static
disp_manager.c:1372:12:disp_mgr_apply	144	static
disp_manager.c:1425:12:disp_mgr_force_apply	24	static
disp_manager.c:1544:12:disp_mgr_sw_enable	32	static
disp_manager.c:1462:12:disp_mgr_enable	80	static
disp_manager.c:960:12:disp_mgr_get_back_color	16	static
disp_manager.c:940:12:disp_mgr_set_back_color	16	static
disp_manager.c:997:12:disp_mgr_get_color_key	16	static
disp_manager.c:977:12:disp_mgr_set_color_key	16	static
disp_manager.c:1339:12:disp_mgr_update_regs	16	static
disp_manager.c:925:12:disp_mgr_exit	8	static
disp_manager.c:912:12:disp_mgr_init	16	static
disp_manager.c:1035:12:disp_mgr_get_output_color_range	8	static
disp_manager.c:61:20:disp_get_layer	40	static
disp_manager.c:1207:1:disp_mgr_get_layer_config2	32	static
disp_manager.c:1157:1:disp_mgr_set_layer_config2	32	static
disp_manager.c:1126:12:disp_mgr_get_layer_config	32	static
disp_manager.c:1077:12:disp_mgr_set_layer_config	32	static
disp_manager.c:91:20:disp_get_layer_1	24	static
disp_manager.c:136:5:__disp_config_transfer2inner	16	static
disp_manager.c:433:12:disp_lyr_save_and_dirty_check	16	static
disp_manager.c:192:5:__disp_config2_transfer2inner	16	static
disp_manager.c:470:12:disp_lyr_save_and_dirty_check2	16	static
disp_manager.c:263:5:__disp_inner_transfer2config	16	static
disp_manager.c:561:12:disp_lyr_get_config	16	static
disp_manager.c:309:5:__disp_inner_transfer2config2	16	static
disp_manager.c:542:12:disp_lyr_get_config2	16	static
disp_manager.c:725:22:disp_get_layer_manager	8	static
disp_manager.c:871:5:disp_mgr_clk_disable	8	static
disp_manager.c:1595:12:disp_mgr_disable	16	static
disp_manager.c:1724:5:disp_init_mgr	56	static
