spinor.c:375:1:sunxi_flash_spinor_size	0	static
spinor.c:450:1:sunxi_flash_spinor_flush	0	static
spinor.c:636:5:spinor_secure_storage_read	0	static
spinor.c:163:1:_sunxi_flash_spinor_read	40	static
spinor.c:200:1:sunxi_flash_spinor_phyread	0	static
spinor.c:456:1:sunxi_flash_spinor_force_erase	8	static
spinor.c:321:1:sunxi_flash_spinor_erase	112	static
spinor.c:208:1:_sunxi_flash_spinor_write	144	static
spinor.c:314:1:sunxi_flash_spinor_phywrite	0	static
spinor.c:347:1:sunxi_flash_spinor_erase_area	112	static
spinor.c:621:1:sunxi_flash_spinor_download_toc	16	static
spinor.c:307:1:sunxi_flash_spinor_write	16	static
spinor.c:194:1:sunxi_flash_spinor_read	16	static
spinor.c:431:1:sunxi_flash_spinor_exit	8	static
spinor.c:381:1:sunxi_flash_spinor_probe	8	static
spinor.c:405:1:sunxi_flash_spinor_init	8	static
spinor.c:640:5:spinor_secure_storage_write	0	static
spinor.c:44:6:dump_spinor_info	0	static
spinor.c:464:5:update_boot_param	32	static
spinor.c:541:1:sunxi_flash_spinor_download_spl	24	static
