fdt_ro.c:196:20:fdt_path_next_separator	16	static
fdt_ro.c:141:12:_nextprop	24	static
fdt_ro.c:37:13:fdt_string	0	static
fdt_ro.c:124:5:fdt_get_mem_rsv	24	static
fdt_ro.c:132:5:fdt_num_mem_rsv	12	static
fdt_ro.c:165:5:fdt_subnode_offset_namelen	40	static
fdt_ro.c:184:5:fdt_subnode_offset	16	static
fdt_ro.c:260:13:fdt_get_name	24	static
fdt_ro.c:280:5:fdt_first_property_offset	8	static
fdt_ro.c:290:5:fdt_next_property_offset	8	static
fdt_ro.c:298:28:fdt_get_property_by_offset	16	static
fdt_ro.c:319:28:fdt_get_property_namelen	40	static
fdt_ro.c:343:28:fdt_get_property	32	static
fdt_ro.c:351:13:fdt_getprop_namelen	16	static
fdt_ro.c:363:13:fdt_getprop_by_offset	16	static
fdt_ro.c:376:13:fdt_getprop	32	static
fdt_ro.c:382:10:fdt_get_phandle	24	static
fdt_ro.c:50:10:fdt_get_max_phandle	16	static
fdt_ro.c:76:5:fdt_find_max_phandle	24	static
fdt_ro.c:106:5:fdt_generate_phandle	16	static
fdt_ro.c:399:13:fdt_get_alias_namelen	24	static
fdt_ro.c:209:5:fdt_path_offset_namelen	24	static
fdt_ro.c:255:5:fdt_path_offset	16	static
fdt_ro.c:411:13:fdt_get_alias	16	static
fdt_ro.c:416:5:fdt_get_path	48	static
fdt_ro.c:468:5:fdt_supernode_atdepth_offset	40	static
fdt_ro.c:504:5:fdt_node_depth	16	static
fdt_ro.c:515:5:fdt_parent_offset	16	static
fdt_ro.c:525:5:fdt_node_offset_by_prop_value	40	static
fdt_ro.c:552:5:fdt_node_offset_by_phandle	16	static
fdt_ro.c:577:5:fdt_stringlist_contains	24	static
fdt_ro.c:594:5:fdt_stringlist_count	24	static
fdt_ro.c:619:5:fdt_stringlist_search	32	static
fdt_ro.c:649:13:fdt_stringlist_get	32	static
fdt_ro.c:694:5:fdt_node_check_compatible	16	static
fdt_ro.c:707:5:fdt_node_offset_by_compatible	24	static
