mtdpart.c:322:22:part_get_unmapped_area	8	static
mtdpart.c:368:12:part_read_user_prot_reg	0	static
mtdpart.c:375:12:part_get_user_prot_info	4	static
mtdpart.c:382:12:part_read_fact_prot_reg	0	static
mtdpart.c:389:12:part_get_fact_prot_info	4	static
mtdpart.c:396:12:part_write	8	static
mtdpart.c:403:12:part_panic_write	8	static
mtdpart.c:410:12:part_write_oob	16	static
mtdpart.c:420:12:part_write_user_prot_reg	0	static
mtdpart.c:427:12:part_lock_user_prot_reg	0	static
mtdpart.c:468:12:part_lock	8	static
mtdpart.c:473:12:part_unlock	8	static
mtdpart.c:478:12:part_is_locked	8	static
mtdpart.c:483:13:part_sync	0	static
mtdpart.c:500:12:part_block_isreserved	8	static
mtdpart.c:506:12:part_block_isbad	8	static
mtdpart.c:512:12:part_block_markbad	16	static
mtdpart.c:290:12:part_read	48	static
mtdpart.c:331:12:part_read_oob	64	static
mtdpart.c:91:12:mtd_parse_partition	48	static
mtdpart.c:442:12:part_erase	24	static
mtdpart.c:47:7:kstrdup	16	static
mtdpart.c:66:6:mtd_partitions_used	0	static
mtdpart.c:203:5:mtd_parse_partitions	104	static
mtdpart.c:274:6:mtd_free_parsed_partitions	16	static
mtdpart.c:456:6:mtd_erase_callback	12	static
mtdpart.c:558:5:del_mtd_partitions	32	static
mtdpart.c:866:5:add_mtd_partitions	104	static
mtdpart.c:991:10:mtd_get_device_size	0	static
