interrupts.c:34:5:interrupt_init	0	static
interrupts.c:49:5:interrupt_exit	0	static
interrupts.c:56:6:enable_interrupts	0	static
interrupts.c:68:6:interrupts_is_open	0	static
interrupts.c:83:5:disable_interrupts	0	static
interrupts.c:124:6:bad_mode	0	static
interrupts.c:139:6:show_regs	152	static
interrupts.c:188:6:do_undefined_instruction	8	static
interrupts.c:198:6:do_software_interrupt	8	static
interrupts.c:208:6:do_prefetch_abort	8	static
interrupts.c:218:6:do_data_abort	8	static
interrupts.c:228:6:do_not_used	8	static
interrupts.c:238:6:do_fiq	8	static
