nand_partitions.c:90:5:block_erase	16	static
nand_partitions.c:35:10:bitmap_change	16	static
nand_partitions.c:59:5:page_read	40	static
nand_partitions.c:78:5:page_write	40	static
nand_partitions.c:52:6:wait_all_rb	8	static
nand_partitions.c:100:6:change_block_addr	0	static
nand_partitions.c:112:5:nand_erase_superblk	24	static
nand_partitions.c:124:5:nand_read_page	32	static
nand_partitions.c:136:5:nand_write_page	32	static
nand_partitions.c:155:5:is_factory_bad_block	16	static
nand_partitions.c:171:5:is_new_bad_block	16	static
nand_partitions.c:186:5:nand_is_blk_good	24	static
nand_partitions.c:206:5:add_new_bad_block	16	static
nand_partitions.c:227:5:nand_mark_bad_blk	40	static
nand_partitions.c:245:5:nand_get_logic_start_block	8	static
nand_partitions.c:295:5:BlockCheck	16	static
nand_partitions.c:306:6:print_bad_blocks	24	static
nand_partitions.c:316:5:nand_scan_phy_partitions_bad_blocks	40	static
nand_partitions.c:505:14:nand_reserve_blocks	8	static
nand_partitions.c:531:10:nand_predefine_parts_size	12	static
nand_partitions.c:544:10:nand_calc_phy_partitions_size	16	static
nand_partitions.c:561:10:nand_get_phy_partitions_size	8	static
nand_partitions.c:576:10:nand_calc_udisk_capacity	8	static
nand_partitions.c:605:6:nand_partitions_phy_range	8	static
nand_partitions.c:611:6:nand_partitions_append_udisk	16	static
nand_partitions.c:631:5:nand_check_partitions_consistent_legal	40	static
nand_partitions.c:668:6:nand_parts2_to_parts3	16	static
nand_partitions.c:693:6:nand_parts3_to_parts2	20	static
nand_partitions.c:727:5:nand_build_boot_info_f	32	static
nand_partitions.c:771:5:nand_build_boot_info_r	16	static
nand_partitions.c:806:14:get_phy_partition_num	0	static
nand_partitions.c:819:5:nand_build_phy_partitions	48	static
nand_partitions.c:911:25:build_nand_partition	16	static
nand_partitions.c:961:6:set_capacity_level	0	static
nand_partitions.c:972:5:nand_get_parts	20	static
nand_partitions.c:1004:5:nand_info_init	24	static
