nand_for_ubi.c:36:6:nand_use_ubi	0	static
nand_for_ubi.c:62:5:ubi_nand_init_uboot	8	static
nand_for_ubi.c:82:5:ubi_nand_exit_uboot	8	static
nand_for_ubi.c:100:5:ubi_nand_probe_uboot	16	static
nand_for_ubi.c:130:5:ubi_nand_attach_mtd	8	static
nand_for_ubi.c:156:14:ubi_nand_size	8	static
nand_for_ubi.c:176:5:ubi_nand_erase	8	static
nand_for_ubi.c:195:5:ubi_nand_force_erase	8	static
nand_for_ubi.c:215:5:ubi_nand_download_uboot	16	static
nand_for_ubi.c:233:5:ubi_nand_download_boot0	16	static
nand_for_ubi.c:253:5:ubi_nand_flush	8	static
nand_for_ubi.c:273:5:ubi_nand_write_end	8	static
nand_for_ubi.c:292:5:ubi_nand_write	16	static
nand_for_ubi.c:311:5:ubi_nand_read	16	static
nand_for_ubi.c:330:5:ubi_nand_get_flash_info	16	static
nand_for_ubi.c:349:5:ubi_nand_update_ubi_env	8	static
nand_for_ubi.c:368:5:ubi_nand_secure_storage_read	16	static
nand_for_ubi.c:387:5:ubi_nand_secure_storage_write	16	static
