nand_for_uboot.c:67:27:NAND_UbootInit	8	static
nand_for_uboot.c:73:27:NAND_UbootToPhy	8	static
nand_for_uboot.c:79:27:NAND_UbootExit	8	static
nand_for_uboot.c:85:28:NAND_UbootRead_History	8	static
nand_for_uboot.c:92:28:NAND_UbootRead	8	static
nand_for_uboot.c:99:28:NAND_UbootWrite	8	static
nand_for_uboot.c:106:27:NAND_BurnBoot0	8	static
nand_for_uboot.c:113:27:NAND_BurnUboot	8	static
nand_for_uboot.c:120:27:NAND_ReadBoot0	8	static
nand_for_uboot.c:127:27:NAND_PhyInit	8	static
nand_for_uboot.c:133:27:NAND_PhyExit	8	static
nand_for_uboot.c:139:27:NAND_Uboot_Erase	8	static
nand_for_uboot.c:145:27:NAND_UbootProbe	8	static
nand_for_uboot.c:151:27:NAND_GetParam_store	8	static
nand_for_uboot.c:158:27:NAND_FlushCache	8	static
nand_for_uboot.c:164:27:nand_secure_storage_write	8	static
nand_for_uboot.c:172:27:nand_secure_storage_read	8	static
nand_for_uboot.c:180:27:NAND_Uboot_Force_Erase	8	static
nand_for_uboot.c:186:30:get_nftl_cap	8	static
nand_for_uboot.c:192:27:nand_get_parts	8	static
nand_for_uboot.c:199:5:nand_get_mbr	40	static
nand_for_uboot.c:265:5:nand_uboot_init	16	static
nand_for_uboot.c:279:5:nand_uboot_init_force_sprite	8	static
nand_for_uboot.c:285:5:nand_uboot_exit	8	static
nand_for_uboot.c:305:5:nand_uboot_probe	0	static
nand_for_uboot.c:311:6:nand_uboot_read_history	8	static
nand_for_uboot.c:321:6:nand_uboot_read	8	static
nand_for_uboot.c:331:6:nand_uboot_write	8	static
nand_for_uboot.c:340:5:nand_download_boot0	16	static
nand_for_uboot.c:359:5:nand_read_boot0	0	static
nand_for_uboot.c:365:5:nand_write_boot0	16	static
nand_for_uboot.c:379:5:nand_download_uboot	16	static
nand_for_uboot.c:399:5:nand_force_download_uboot	16	static
nand_for_uboot.c:412:5:nand_uboot_erase	0	static
nand_for_uboot.c:418:6:nand_uboot_get_flash_info	0	static
nand_for_uboot.c:423:6:nand_uboot_set_flash_info	0	static
nand_for_uboot.c:428:6:nand_uboot_get_flash_size	0	static
nand_for_uboot.c:433:5:nand_uboot_flush	0	static
