nand.c:132:1:sunxi_flash_nand_write_end	8	static
nand.c:122:1:sunxi_flash_nand_download_toc	16	static
nand.c:112:1:sunxi_flash_nand_download_spl	16	static
nand.c:152:1:sunxi_flash_nand_secstorage_write	16	static
nand.c:142:1:sunxi_flash_nand_secstorage_read	16	static
nand.c:45:1:sunxi_flash_nand_size	8	static
nand.c:92:1:sunxi_flash_nand_flush	8	static
nand.c:102:1:sunxi_flash_nand_force_erase	8	static
nand.c:35:1:sunxi_flash_nand_erase	8	static
nand.c:25:1:sunxi_flash_nand_write	16	static
nand.c:15:1:sunxi_flash_nand_read	16	static
nand.c:82:1:sunxi_flash_nand_exit	8	static
nand.c:72:1:sunxi_flash_nand_init	8	static
nand.c:55:1:sunxi_flash_nand_probe	16	static
