mtdparts.c:488:13:part_delall	16	static
mtdparts.c:168:12:memsize_parse	8	static
mtdparts.c:1865:26:mtd_part_info	24	static
mtdparts.c:1297:13:list_partitions	56	static
mtdparts.c:1529:20:env_get_mtdparts	8	static
mtdparts.c:201:13:memsize_format	16	static
mtdparts.c:222:13:index_partitions	16	static
mtdparts.c:265:13:current_save	32	static
mtdparts.c:509:12:part_sort_add	32	static
mtdparts.c:754:12:device_del	16	static
mtdparts.c:1202:12:generate_mtdparts_save.constprop	88	static
mtdparts.c:730:12:device_delall.constprop	24	static
mtdparts.c:964:12:mtd_devices_init	8	static
mtdparts.c:297:12:get_mtd_info.constprop	24	static
mtdparts.c:408:12:part_validate	88	static
mtdparts.c:786:20:device_find	16	static
mtdparts.c:833:12:device_parse	96	static
mtdparts.c:1035:5:mtd_id_parse	32	static
mtdparts.c:1340:5:find_dev_and_part	40	static
mtdparts.c:1715:5:mtdparts_init	1104	static
mtdparts.c:1912:12:do_chpart	32	static
mtdparts.c:1950:12:do_mtdparts	96	static
mtdparts.c:2145:5:sunxi_do_mtdparts	16	static
mtdparts.c:2150:7:sunxi_get_mtdparts_name	8	static
mtdparts.c:2166:5:sunxi_get_mtdpart_size	8	static
mtdparts.c:2182:5:sunxi_get_mtdpart_offset	8	static
mtdparts.c:2198:5:sunxi_get_mtd_num_parts	0	static
mtdparts.c:2206:6:sunxi_set_defualt_mtdpart	0	static
