spi-nor-core.c:314:12:read_sr	16	static
spi-nor-core.c:328:12:read_sr2	16	static
spi-nor-core.c:342:12:read_sr3	16	static
spi-nor-core.c:420:12:write_enable	4	static
spi-nor-core.c:428:12:write_disable	4	static
spi-nor-core.c:660:12:write_sr	4	static
spi-nor-core.c:741:12:enter_otp	4	static
spi-nor-core.c:806:12:read_cr_EON	16	static
spi-nor-core.c:1156:13:stm_get_locked_range	24	static
spi-nor-core.c:2144:12:spi_nor_lock	0	static
spi-nor-core.c:2151:12:spi_nor_unlock	0	static
spi-nor-core.c:2158:12:spi_nor_is_locked	0	static
spi-nor-core.c:2290:12:spi_nor_read	40	static
spi-nor-core.c:629:12:spi_nor_wait_till_ready_with_timeout	32	static
spi-nor-core.c:650:12:spi_nor_wait_till_ready	0	static
spi-nor-core.c:2446:12:spi_nor_write	56	static
spi-nor-core.c:718:12:write_sr_cr	16	static
spi-nor-core.c:666:12:write_sr2	16	static
spi-nor-core.c:917:12:gigadevice_config_cmp	16	static
spi-nor-core.c:820:12:Eon_quad_enable	16	static
spi-nor-core.c:1106:12:spi_nor_force_erase	80	static
spi-nor-core.c:1042:12:spi_nor_erase	88	static
spi-nor-core.c:1087:12:spi_nor_has_lock_erase	24	static
spi-nor-core.c:278:16:spi_nor_write_data	80	static
spi-nor-core.c:242:16:spi_nor_read_data	80	static
spi-nor-core.c:2079:12:sunxi_individual_lock_is_enable	16	static
spi-nor-core.c:2370:12:sst_write	48	static
spi-nor-core.c:2503:12:spi_nor_has_lock_write	48	static
spi-nor-core.c:2613:12:spansion_read_cr_quad_enable	16	static
spi-nor-core.c:1136:12:write_sr_and_check	24	static
spi-nor-core.c:891:12:gd_read_cr_quad_enable	16	static
spi-nor-core.c:2571:12:macronix_quad_enable	16	static
spi-nor-core.c:1423:13:sunxi_get_locked_range.isra.12	24	static
spi-nor-core.c:1923:12:sunxi_individual_unlock_global	16	static
spi-nor-core.c:149:12:spi_nor_read_reg	80	static
spi-nor-core.c:1819:12:sunxi_individual_is_lock	72	static
spi-nor-core.c:1948:12:sunxi_individual_handle_lock	96	static
spi-nor-core.c:2027:12:sunxi_individual_lock	48	static
spi-nor-core.c:2035:12:sunxi_individual_unlock	40	static
spi-nor-core.c:227:12:spi_nor_write_reg	80	static
spi-nor-core.c:1410:12:stm_is_locked	48	static
spi-nor-core.c:1700:12:sunxi_is_locked	56	static
spi-nor-core.c:1207:12:stm_is_unlocked_sr	48	static
spi-nor-core.c:1325:12:stm_unlock	56	static
spi-nor-core.c:1201:12:stm_is_locked_sr	48	static
spi-nor-core.c:1245:12:stm_lock	56	static
spi-nor-core.c:1524:12:sunxi_handle_lock	88	static
spi-nor-core.c:1683:12:sunxi_lock	32	static
spi-nor-core.c:1688:12:sunxi_unlock	32	static
spi-nor-core.c:517:6:spi_nor_reset_device	16	static
spi-nor-core.c:3794:5:spi_nor_scan	440	static
spi-nor-core.c:3971:5:spi_flash_cmd_get_sw_write_prot	8	static
