sunxi-ubi.c:124:13:print_ubi_mbr	40	static
sunxi-ubi.c:171:12:get_volnum_by_name	24	static
sunxi-ubi.c:475:13:check_and_adjust_ubi_mbr	104	static
sunxi-ubi.c:403:12:create_mtdparts_do	56	static
sunxi-ubi.c:203:12:get_mtd_num_to_attach	8	static
sunxi-ubi.c:739:12:write_mtd_do	40	static
sunxi-ubi.c:138:12:get_partno_by_addr	40	static
sunxi-ubi.c:187:12:get_mtd_num_by_name.part.1	16	static
sunxi-ubi.c:453:12:check_volume_existed_do	168	static
sunxi-ubi.c:504:12:create_ubi_volume_do	152	static
sunxi-ubi.c:223:12:check_sunxi_mbr	16	static
sunxi-ubi.c:423:12:ubi_attach_mtd_do	168	static
sunxi-ubi.c:760:12:flush_mtd_dev.constprop	56	static
sunxi-ubi.c:815:12:read_mtd_part.constprop	48	static
sunxi-ubi.c:312:12:init_mtd_info.constprop	32	static
sunxi-ubi.c:657:12:write_ubi_volume.constprop	192	static
sunxi-ubi.c:1000:12:fill_gap.part.4.constprop	32	static
sunxi-ubi.c:1066:12:init_ubi_info.constprop	48	static
sunxi-ubi.c:1175:5:mtd_set_last_vol_sects	8	static
sunxi-ubi.c:1185:10:spinand_sys_part_offset	24	static
sunxi-ubi.c:1274:5:spinand_mtd_flush_last_volume	8	static
sunxi-ubi.c:1284:14:spinand_mtd_write_ubi	56	static
sunxi-ubi.c:1391:14:spinand_mtd_read_ubi	192	static
sunxi-ubi.c:1432:5:spinand_mtd_update_ubi_env	2088	static
sunxi-ubi.c:1514:5:spinand_ubi_user_volumes_size	24	static
sunxi-ubi.c:1537:5:spinand_mtd_attach_mtd	88	static
